nohup: ignoring input
🏛️ MOLINA HOLDINGS — INSTITUTIONAL MATRIX v4.4.2
⏱️ 05/08/2026 18:06 VET | 🌙 POST-MARKET & ASIA STANDBY (300s)
🏛️ POLICY: FED RATE 5.25% │ CPI YoY 3.0%
🌐 MACRO: DXY 99.69 (-0.2%) │ US10Y 4.62% │ VIX 15.82
🌏 ASIA FX: USD/JPY 157.70 (-0.05%) │ USD/CNH 6.7467 (-0.01%)
────────────────────────────────────────────────────
⚡ CONTINUOUS DERIVATIVES & FUTURES (GLOBEX / CME):
EQTY │ ES    7758.75 🟢 +0.12% │ NQ   29600.25 🔴 -0.05%
     │ YM   54555.00 🟢 +0.11% │ RTY   3028.00 🟢 +0.09%
ENRG │ WTI     75.08 🔴 -0.19% │ NG       2.67 🔴 -0.67%
     │ RB       2.83 🔴 -0.34%
METL │ GOLD  4308.00 🟢 +0.07% │ SILV    62.26 🔴 -0.05%
     │ HG       6.75 🟢 +0.31%
AGRI │ CORN   460.75 🟢 +0.16% │ SOYB  1176.75 🟢 +0.17%
     │ WEAT   644.00 🟢 +0.27%
────────────────────────────────────────────────────
🐋 INSTITUTIONAL WHALE VOLUME SPIKES (3m Window):
• ⚡ WHALE SPIKE: NASDAQ100 2905K in 3m (5.9x AVG) 🟢 ACCUMULATION
• ⚡ WHALE SPIKE: KOSPI 670K in 3m (530.7x AVG) 🟢 ACCUMULATION
════════════════════════════════════════════════════
🟩 TOP 5 BULLISH LEADERS (51 GREEN)
────────────────────────────────────────────────────
SHOP          │ $ 144.70 🟢 +17.4% │ 
SOUN          │ $   7.42 🟢 +14.0% │ 
IAUX          │ $   1.52 🟢  +8.6% │ 
GOLD_MINERS   │ $  83.95 🟢  +7.7% │ 
VECO          │ $  57.80 🟢  +7.4% │ 
────────────────────────────────────────────────────
🟥 TOP 5 BEARISH LEADERS (55 RED)
────────────────────────────────────────────────────
FIG           │ $  23.69 🔴 -12.6% │ 
SNDK          │ $1265.56 🔴 -11.4% │ 
AMD           │ $ 482.00 🔴  -7.1% │ 
AXON          │ $ 568.34 🔴  -6.4% │ 
ELF           │ $  83.50 🔴  -4.9% │ 
════════════════════════════════════════════════════
M82 TERMINAL ENGINE • v4.4.2 MONOSPACE MASTER | Latency: ~6.0s | 05/08/2026 18:06 VET

🏛️ MOLINA HOLDINGS — INSTITUTIONAL MATRIX v4.4.2
⏱️ 05/08/2026 20:49 VET | 🌙 POST-MARKET & ASIA STANDBY (300s)
🏛️ POLICY: FED RATE 5.25% │ CPI YoY 3.0%
🌐 MACRO: DXY 99.66 (-0.0%) │ US10Y 4.62% │ VIX 15.82
🌏 ASIA FX: USD/JPY 157.70 (+0.02%) │ USD/CNH 6.7463 (-0.00%)
────────────────────────────────────────────────────
⚡ CONTINUOUS DERIVATIVES & FUTURES (GLOBEX / CME):
EQTY │ ES    7759.00 🟢 +0.12% │ NQ   29553.25 🔴 -0.21%
     │ YM   54581.00 🟢 +0.16% │ RTY   3027.50 🟢 +0.07%
ENRG │ WTI     74.93 🔴 -0.39% │ NG       2.67 🔴 -0.67%
     │ RB       2.82 🔴 -0.56%
METL │ GOLD  4346.50 🟢 +0.96% │ SILV    62.53 🟢 +0.40%
     │ HG       6.74 🟢 +0.12%
AGRI │ CORN   460.75 🟢 +0.16% │ SOYB  1174.75 🟢 +0.00%
     │ WEAT   642.00 🔴 -0.04%
────────────────────────────────────────────────────
🐋 INSTITUTIONAL WHALE VOLUME SPIKES (3m Window):
• ⚡ WHALE SPIKE: NASDAQ100 2905K in 3m (5.9x AVG) 🟢 ACCUMULATION
════════════════════════════════════════════════════
🟩 TOP 5 BULLISH LEADERS (48 GREEN)
────────────────────────────────────────────────────
SOUN          │ $   7.84 🟢 +20.5% │ 
SHOP          │ $ 144.63 🟢 +17.3% │ 
GOLD_MINERS   │ $  84.71 🟢  +8.7% │ 
IAUX          │ $   1.51 🟢  +7.9% │ 
SILVER_ETF    │ $  84.57 🟢  +7.6% │ 
────────────────────────────────────────────────────
🟥 TOP 5 BEARISH LEADERS (58 RED)
────────────────────────────────────────────────────
SNDK          │ $1243.00 🔴 -12.9% │ 
FIG           │ $  23.84 🔴 -12.1% │ 
AMD           │ $ 481.20 🔴  -7.2% │ 
SOLAR_ETF     │ $  50.75 🔴  -4.9% │ 
ELF           │ $  83.72 🔴  -4.7% │ 
════════════════════════════════════════════════════
M82 TERMINAL ENGINE • v4.4.2 MONOSPACE MASTER | Latency: ~7.6s | 05/08/2026 20:49 VET

🏛️ MOLINA HOLDINGS — INSTITUTIONAL MATRIX v4.4.2
⏱️ 05/08/2026 20:52 VET | 🌙 POST-MARKET & ASIA STANDBY (300s)
🏛️ POLICY: FED RATE 5.25% │ CPI YoY 3.0%
🌐 MACRO: DXY 99.67 (-0.0%) │ US10Y 4.62% │ VIX 15.82
🌏 ASIA FX: USD/JPY 157.67 (-0.01%) │ USD/CNH 6.7457 (-0.01%)
────────────────────────────────────────────────────
⚡ CONTINUOUS DERIVATIVES & FUTURES (GLOBEX / CME):
EQTY │ ES    7760.75 🟢 +0.15% │ NQ   29571.75 🔴 -0.15%
     │ YM   54581.00 🟢 +0.16% │ RTY   3028.20 🟢 +0.09%
ENRG │ WTI     74.97 🔴 -0.33% │ NG       2.67 🔴 -0.71%
     │ RB       2.82 🔴 -0.53%
METL │ GOLD  4346.40 🟢 +0.96% │ SILV    62.54 🟢 +0.40%
     │ HG       6.74 🟢 +0.14%
AGRI │ CORN   460.75 🟢 +0.16% │ SOYB  1175.25 🟢 +0.04%
     │ WEAT   642.50 🟢 +0.04%
────────────────────────────────────────────────────
🐋 INSTITUTIONAL WHALE VOLUME SPIKES (3m Window):
• ⚡ WHALE SPIKE: NASDAQ100 2905K in 3m (5.9x AVG) 🟢 ACCUMULATION
════════════════════════════════════════════════════
🟩 TOP 5 BULLISH LEADERS (48 GREEN)
────────────────────────────────────────────────────
SOUN          │ $   7.84 🟢 +20.5% │ 
SHOP          │ $ 144.63 🟢 +17.3% │ 
GOLD_MINERS   │ $  84.71 🟢  +8.7% │ 
IAUX          │ $   1.51 🟢  +7.9% │ 
SILVER_ETF    │ $  84.57 🟢  +7.6% │ 
────────────────────────────────────────────────────
🟥 TOP 5 BEARISH LEADERS (58 RED)
────────────────────────────────────────────────────
SNDK          │ $1243.00 🔴 -12.9% │ 
FIG           │ $  23.84 🔴 -12.1% │ 
AMD           │ $ 481.20 🔴  -7.2% │ 
SOLAR_ETF     │ $  50.75 🔴  -4.9% │ 
ELF           │ $  83.72 🔴  -4.7% │ 
════════════════════════════════════════════════════
M82 TERMINAL ENGINE • v4.4.2 MONOSPACE MASTER | Latency: ~7.3s | 05/08/2026 20:52 VET

🏛️ MOLINA HOLDINGS — INSTITUTIONAL MATRIX v4.4.2
⏱️ 05/08/2026 20:58 VET | 🌙 POST-MARKET & ASIA STANDBY (300s)
🏛️ POLICY: FED RATE 5.25% │ CPI YoY 3.0%
🌐 MACRO: DXY 99.66 (-0.0%) │ US10Y 4.62% │ VIX 15.82
🌏 ASIA FX: USD/JPY 157.72 (+0.03%) │ USD/CNH 6.7452 (-0.02%)
────────────────────────────────────────────────────
⚡ CONTINUOUS DERIVATIVES & FUTURES (GLOBEX / CME):
EQTY │ ES    7759.00 🟢 +0.12% │ NQ   29552.25 🔴 -0.21%
     │ YM   54583.00 🟢 +0.16% │ RTY   3027.90 🟢 +0.08%
ENRG │ WTI     74.97 🔴 -0.33% │ NG       2.67 🔴 -0.71%
     │ RB       2.82 🔴 -0.52%
METL │ GOLD  4350.40 🟢 +1.05% │ SILV    62.69 🟢 +0.64%
     │ HG       6.74 🟢 +0.17%
AGRI │ CORN   461.50 🟢 +0.33% │ SOYB  1176.25 🟢 +0.13%
     │ WEAT   643.00 🟢 +0.12%
────────────────────────────────────────────────────
🐋 INSTITUTIONAL WHALE VOLUME SPIKES (3m Window):
• ⚡ WHALE SPIKE: NASDAQ100 2905K in 3m (5.9x AVG) 🟢 ACCUMULATION
════════════════════════════════════════════════════
🟩 TOP 5 BULLISH LEADERS (48 GREEN)
────────────────────────────────────────────────────
SOUN          │ $   7.84 🟢 +20.5% │ 
SHOP          │ $ 144.63 🟢 +17.3% │ 
GOLD_MINERS   │ $  84.71 🟢  +8.7% │ 
IAUX          │ $   1.51 🟢  +7.9% │ 
SILVER_ETF    │ $  84.57 🟢  +7.6% │ 
────────────────────────────────────────────────────
🟥 TOP 5 BEARISH LEADERS (58 RED)
────────────────────────────────────────────────────
SNDK          │ $1243.00 🔴 -12.9% │ 
FIG           │ $  23.84 🔴 -12.1% │ 
AMD           │ $ 481.20 🔴  -7.2% │ 
SOLAR_ETF     │ $  50.75 🔴  -4.9% │ 
ELF           │ $  83.72 🔴  -4.7% │ 
════════════════════════════════════════════════════
M82 TERMINAL ENGINE • v4.4.2 MONOSPACE MASTER | Latency: ~8.4s | 05/08/2026 20:58 VET

🏛️ MOLINA HOLDINGS — INSTITUTIONAL MATRIX v4.4.2
⏱️ 05/08/2026 21:01 VET | 🌙 POST-MARKET & ASIA STANDBY (300s)
🏛️ POLICY: FED RATE 5.25% │ CPI YoY 3.0%
🌐 MACRO: DXY 99.65 (-0.0%) │ US10Y 4.62% │ VIX 15.82
🌏 ASIA FX: USD/JPY 157.72 (+0.03%) │ USD/CNH 6.7454 (-0.02%)
────────────────────────────────────────────────────
⚡ CONTINUOUS DERIVATIVES & FUTURES (GLOBEX / CME):
EQTY │ ES    7758.75 🟢 +0.12% │ NQ   29553.25 🔴 -0.21%
     │ YM   54580.00 🟢 +0.16% │ RTY   3028.00 🟢 +0.09%
ENRG │ WTI     74.90 🔴 -0.43% │ NG       2.67 🔴 -0.82%
     │ RB       2.82 🔴 -0.52%
METL │ GOLD  4354.30 🟢 +1.14% │ SILV    62.81 🟢 +0.83%
     │ HG       6.74 🟢 +0.16%
AGRI │ CORN   461.50 🟢 +0.33% │ SOYB  1176.25 🟢 +0.13%
     │ WEAT   643.00 🟢 +0.12%
────────────────────────────────────────────────────
🐋 INSTITUTIONAL WHALE VOLUME SPIKES (3m Window):
• ⚡ WHALE SPIKE: NASDAQ100 2905K in 3m (5.9x AVG) 🟢 ACCUMULATION
════════════════════════════════════════════════════
🟩 TOP 5 BULLISH LEADERS (48 GREEN)
────────────────────────────────────────────────────
SOUN          │ $   7.84 🟢 +20.5% │ 
SHOP          │ $ 144.63 🟢 +17.3% │ 
GOLD_MINERS   │ $  84.71 🟢  +8.7% │ 
IAUX          │ $   1.51 🟢  +7.9% │ 
SILVER_ETF    │ $  84.57 🟢  +7.6% │ 
────────────────────────────────────────────────────
🟥 TOP 5 BEARISH LEADERS (58 RED)
────────────────────────────────────────────────────
SNDK          │ $1243.00 🔴 -12.9% │ 
FIG           │ $  23.84 🔴 -12.1% │ 
AMD           │ $ 481.20 🔴  -7.2% │ 
SOLAR_ETF     │ $  50.75 🔴  -4.9% │ 
ELF           │ $  83.72 🔴  -4.7% │ 
════════════════════════════════════════════════════
M82 TERMINAL ENGINE • v4.4.2 MONOSPACE MASTER | Latency: ~7.6s | 05/08/2026 21:01 VET

🏛️ MOLINA HOLDINGS — INSTITUTIONAL MATRIX v4.4.2
⏱️ 05/08/2026 21:06 VET | 🌙 POST-MARKET & ASIA STANDBY (300s)
🏛️ POLICY: FED RATE 5.25% │ CPI YoY 3.0%
🌐 MACRO: DXY 99.65 (-0.0%) │ US10Y 4.62% │ VIX 15.82
🌏 ASIA FX: USD/JPY 157.71 (+0.02%) │ USD/CNH 6.7467 (+0.00%)
────────────────────────────────────────────────────
⚡ CONTINUOUS DERIVATIVES & FUTURES (GLOBEX / CME):
EQTY │ ES    7758.00 🟢 +0.11% │ NQ   29544.00 🔴 -0.24%
     │ YM   54581.00 🟢 +0.16% │ RTY   3027.70 🟢 +0.08%
ENRG │ WTI     74.76 🔴 -0.61% │ NG       2.67 🔴 -0.78%
     │ RB       2.82 🔴 -0.63%
METL │ GOLD  4358.90 🟢 +1.25% │ SILV    62.84 🟢 +0.89%
     │ HG       6.75 🟢 +0.27%
AGRI │ CORN   461.75 🟢 +0.38% │ SOYB  1176.25 🟢 +0.13%
     │ WEAT   642.75 🟢 +0.08%
────────────────────────────────────────────────────
🐋 INSTITUTIONAL WHALE VOLUME SPIKES (3m Window):
• ⚡ WHALE SPIKE: NASDAQ100 2905K in 3m (5.9x AVG) 🟢 ACCUMULATION
════════════════════════════════════════════════════
🟩 TOP 5 BULLISH LEADERS (48 GREEN)
────────────────────────────────────────────────────
SOUN          │ $   7.84 🟢 +20.5% │ 
SHOP          │ $ 144.63 🟢 +17.3% │ 
GOLD_MINERS   │ $  84.71 🟢  +8.7% │ 
IAUX          │ $   1.51 🟢  +7.9% │ 
SILVER_ETF    │ $  84.57 🟢  +7.6% │ 
────────────────────────────────────────────────────
🟥 TOP 5 BEARISH LEADERS (58 RED)
────────────────────────────────────────────────────
SNDK          │ $1243.00 🔴 -12.9% │ 
FIG           │ $  23.84 🔴 -12.1% │ 
AMD           │ $ 481.20 🔴  -7.2% │ 
SOLAR_ETF     │ $  50.75 🔴  -4.9% │ 
ELF           │ $  83.72 🔴  -4.7% │ 
════════════════════════════════════════════════════
M82 TERMINAL ENGINE • v4.4.2 MONOSPACE MASTER | Latency: ~8.0s | 05/08/2026 21:06 VET

🏛️ MOLINA HOLDINGS — INSTITUTIONAL MATRIX v4.4.2
⏱️ 05/08/2026 21:11 VET | 🌙 POST-MARKET & ASIA STANDBY (300s)
🏛️ POLICY: FED RATE 5.25% │ CPI YoY 3.0%
🌐 MACRO: DXY 99.66 (-0.0%) │ US10Y 4.62% │ VIX 15.82
🌏 ASIA FX: USD/JPY 157.66 (-0.01%) │ USD/CNH 6.7469 (+0.01%)
────────────────────────────────────────────────────
⚡ CONTINUOUS DERIVATIVES & FUTURES (GLOBEX / CME):
EQTY │ ES    7755.50 🟢 +0.08% │ NQ   29511.25 🔴 -0.35%
     │ YM   54576.00 🟢 +0.15% │ RTY   3025.40 🔴 -0.00%
ENRG │ WTI     75.69 🟢 +0.62% │ NG       2.67 🔴 -0.67%
     │ RB       2.83 🔴 -0.14%
METL │ GOLD  4351.70 🟢 +1.08% │ SILV    62.56 🟢 +0.44%
     │ HG       6.72 🔴 -0.07%
AGRI │ CORN   462.00 🟢 +0.43% │ SOYB  1177.00 🟢 +0.19%
     │ WEAT   645.50 🟢 +0.51%
────────────────────────────────────────────────────
🐋 INSTITUTIONAL WHALE VOLUME SPIKES (3m Window):
• ⚡ WHALE SPIKE: NASDAQ100 2905K in 3m (5.9x AVG) 🟢 ACCUMULATION
════════════════════════════════════════════════════
🟩 TOP 5 BULLISH LEADERS (45 GREEN)
────────────────────────────────────────────────────
SOUN          │ $   7.84 🟢 +20.5% │ 
SHOP          │ $ 144.63 🟢 +17.3% │ 
GOLD_MINERS   │ $  84.71 🟢  +8.7% │ 
IAUX          │ $   1.51 🟢  +7.9% │ 
SILVER_ETF    │ $  84.57 🟢  +7.6% │ 
────────────────────────────────────────────────────
🟥 TOP 5 BEARISH LEADERS (60 RED)
────────────────────────────────────────────────────
SNDK          │ $1243.00 🔴 -12.9% │ 
FIG           │ $  23.84 🔴 -12.1% │ 
AMD           │ $ 481.20 🔴  -7.2% │ 
SOLAR_ETF     │ $  50.75 🔴  -4.9% │ 
ELF           │ $  83.72 🔴  -4.7% │ 
════════════════════════════════════════════════════
M82 TERMINAL ENGINE • v4.4.2 MONOSPACE MASTER | Latency: ~3149.5s | 05/08/2026 21:11 VET

🏛️ MOLINA HOLDINGS — INSTITUTIONAL MATRIX v4.4.2
⏱️ 05/08/2026 22:06 VET | 🌙 POST-MARKET & ASIA STANDBY (300s)
🏛️ POLICY: FED RATE 5.25% │ CPI YoY 3.0%
🌐 MACRO: DXY 99.66 (-0.0%) │ US10Y 4.62% │ VIX 15.82
🌏 ASIA FX: USD/JPY 157.63 (-0.03%) │ USD/CNH 6.7470 (+0.01%)
────────────────────────────────────────────────────
⚡ CONTINUOUS DERIVATIVES & FUTURES (GLOBEX / CME):
EQTY │ ES    7756.00 🟢 +0.08% │ NQ   29510.25 🔴 -0.35%
     │ YM   54583.00 🟢 +0.16% │ RTY   3025.70 🟢 +0.01%
ENRG │ WTI     75.68 🟢 +0.61% │ NG       2.67 🔴 -0.63%
     │ RB       2.83 🔴 -0.22%
METL │ GOLD  4348.30 🟢 +1.00% │ SILV    62.47 🟢 +0.28%
     │ HG       6.73 🟢 +0.01%
AGRI │ CORN   461.75 🟢 +0.38% │ SOYB  1176.50 🟢 +0.15%
     │ WEAT   645.25 🟢 +0.47%
────────────────────────────────────────────────────
🐋 INSTITUTIONAL WHALE VOLUME SPIKES (3m Window):
• ⚡ WHALE SPIKE: NASDAQ100 2905K in 3m (5.9x AVG) 🟢 ACCUMULATION
════════════════════════════════════════════════════
🟩 TOP 5 BULLISH LEADERS (45 GREEN)
────────────────────────────────────────────────────
SOUN          │ $   7.84 🟢 +20.5% │ 
SHOP          │ $ 144.63 🟢 +17.3% │ 
GOLD_MINERS   │ $  84.71 🟢  +8.7% │ 
IAUX          │ $   1.51 🟢  +7.9% │ 
SILVER_ETF    │ $  84.57 🟢  +7.6% │ 
────────────────────────────────────────────────────
🟥 TOP 5 BEARISH LEADERS (61 RED)
────────────────────────────────────────────────────
SNDK          │ $1243.00 🔴 -12.9% │ 
FIG           │ $  23.84 🔴 -12.1% │ 
AMD           │ $ 481.20 🔴  -7.2% │ 
SOLAR_ETF     │ $  50.75 🔴  -4.9% │ 
ELF           │ $  83.72 🔴  -4.7% │ 
════════════════════════════════════════════════════
M82 TERMINAL ENGINE • v4.4.2 MONOSPACE MASTER | Latency: ~8.7s | 05/08/2026 22:06 VET

🏛️ MOLINA HOLDINGS — INSTITUTIONAL MATRIX v4.4.2
⏱️ 05/08/2026 22:08 VET | 🌙 POST-MARKET & ASIA STANDBY (300s)
🏛️ POLICY: FED RATE 5.25% │ CPI YoY 3.0%
🌐 MACRO: DXY 99.67 (-0.0%) │ US10Y 4.62% │ VIX 15.82
🌏 ASIA FX: USD/JPY 157.61 (-0.04%) │ USD/CNH 6.7476 (+0.02%)
────────────────────────────────────────────────────
⚡ CONTINUOUS DERIVATIVES & FUTURES (GLOBEX / CME):
EQTY │ ES    7755.00 🟢 +0.07% │ NQ   29497.25 🔴 -0.40%
     │ YM   54586.00 🟢 +0.17% │ RTY   3025.30 🔴 -0.00%
ENRG │ WTI     75.68 🟢 +0.61% │ NG       2.67 🔴 -0.63%
     │ RB       2.83 🔴 -0.24%
METL │ GOLD  4346.70 🟢 +0.96% │ SILV    62.45 🟢 +0.26%
     │ HG       6.73 🟢 +0.01%
AGRI │ CORN   461.75 🟢 +0.38% │ SOYB  1176.25 🟢 +0.13%
     │ WEAT   644.75 🟢 +0.39%
────────────────────────────────────────────────────
🐋 INSTITUTIONAL WHALE VOLUME SPIKES (3m Window):
• ⚡ WHALE SPIKE: NASDAQ100 2905K in 3m (5.9x AVG) 🟢 ACCUMULATION
════════════════════════════════════════════════════
🟩 TOP 5 BULLISH LEADERS (45 GREEN)
────────────────────────────────────────────────────
SOUN          │ $   7.84 🟢 +20.5% │ 
SHOP          │ $ 144.63 🟢 +17.3% │ 
GOLD_MINERS   │ $  84.71 🟢  +8.7% │ 
IAUX          │ $   1.51 🟢  +7.9% │ 
SILVER_ETF    │ $  84.57 🟢  +7.6% │ 
────────────────────────────────────────────────────
🟥 TOP 5 BEARISH LEADERS (61 RED)
────────────────────────────────────────────────────
SNDK          │ $1243.00 🔴 -12.9% │ 
FIG           │ $  23.84 🔴 -12.1% │ 
AMD           │ $ 481.20 🔴  -7.2% │ 
SOLAR_ETF     │ $  50.75 🔴  -4.9% │ 
KOSPI         │   6288.53 🔴  -4.7% │ 
════════════════════════════════════════════════════
M82 TERMINAL ENGINE • v4.4.2 MONOSPACE MASTER | Latency: ~12.3s | 05/08/2026 22:08 VET

🏛️ MOLINA HOLDINGS — INSTITUTIONAL MATRIX v4.4.2
⏱️ 05/08/2026 22:09 VET | 🌙 POST-MARKET & ASIA STANDBY (300s)
🏛️ POLICY: FED RATE 5.25% │ CPI YoY 3.0%
🌐 MACRO: DXY 99.67 (-0.0%) │ US10Y 4.62% │ VIX 15.82
🌏 ASIA FX: USD/JPY 157.61 (-0.04%) │ USD/CNH 6.7474 (+0.01%)
────────────────────────────────────────────────────
⚡ CONTINUOUS DERIVATIVES & FUTURES (GLOBEX / CME):
EQTY │ ES    7755.25 🟢 +0.07% │ NQ   29500.50 🔴 -0.39%
     │ YM   54584.00 🟢 +0.17% │ RTY   3025.40 🔴 -0.00%
ENRG │ WTI     75.76 🟢 +0.72% │ NG       2.67 🔴 -0.63%
     │ RB       2.83 🔴 -0.24%
METL │ GOLD  4348.10 🟢 +1.00% │ SILV    62.47 🟢 +0.28%
     │ HG       6.73 🟢 +0.07%
AGRI │ CORN   461.75 🟢 +0.38% │ SOYB  1176.50 🟢 +0.15%
     │ WEAT   644.75 🟢 +0.39%
────────────────────────────────────────────────────
🐋 INSTITUTIONAL WHALE VOLUME SPIKES (3m Window):
• ⚡ WHALE SPIKE: NASDAQ100 2905K in 3m (5.9x AVG) 🟢 ACCUMULATION
════════════════════════════════════════════════════
🟩 TOP 5 BULLISH LEADERS (45 GREEN)
────────────────────────────────────────────────────
SOUN          │ $   7.84 🟢 +20.5% │ 
SHOP          │ $ 144.63 🟢 +17.3% │ 
GOLD_MINERS   │ $  84.71 🟢  +8.7% │ 
IAUX          │ $   1.51 🟢  +7.9% │ 
SILVER_ETF    │ $  84.57 🟢  +7.6% │ 
────────────────────────────────────────────────────
🟥 TOP 5 BEARISH LEADERS (61 RED)
────────────────────────────────────────────────────
SNDK          │ $1243.00 🔴 -12.9% │ 
FIG           │ $  23.84 🔴 -12.1% │ 
AMD           │ $ 481.20 🔴  -7.2% │ 
SOLAR_ETF     │ $  50.75 🔴  -4.9% │ 
ELF           │ $  83.72 🔴  -4.7% │ 
════════════════════════════════════════════════════
M82 TERMINAL ENGINE • v4.4.2 MONOSPACE MASTER | Latency: ~5.6s | 05/08/2026 22:09 VET

🏛️ MOLINA HOLDINGS — INSTITUTIONAL MATRIX v4.4.2
⏱️ 05/08/2026 22:10 VET | 🌙 POST-MARKET & ASIA STANDBY (300s)
🏛️ POLICY: FED RATE 5.25% │ CPI YoY 3.0%
🌐 MACRO: DXY 99.66 (-0.0%) │ US10Y 4.62% │ VIX 15.82
🌏 ASIA FX: USD/JPY 157.61 (-0.04%) │ USD/CNH 6.7477 (+0.02%)
────────────────────────────────────────────────────
⚡ CONTINUOUS DERIVATIVES & FUTURES (GLOBEX / CME):
EQTY │ ES    7755.50 🟢 +0.08% │ NQ   29504.25 🔴 -0.37%
     │ YM   54587.00 🟢 +0.17% │ RTY   3025.50 🟢 +0.00%
ENRG │ WTI     75.77 🟢 +0.73% │ NG       2.67 🔴 -0.63%
     │ RB       2.83 🔴 -0.16%
METL │ GOLD  4345.20 🟢 +0.93% │ SILV    62.43 🟢 +0.23%
     │ HG       6.73 🔴 -0.01%
AGRI │ CORN   461.75 🟢 +0.38% │ SOYB  1176.50 🟢 +0.15%
     │ WEAT   644.50 🟢 +0.35%
────────────────────────────────────────────────────
🐋 INSTITUTIONAL WHALE VOLUME SPIKES (3m Window):
• ⚡ WHALE SPIKE: NASDAQ100 2905K in 3m (5.9x AVG) 🟢 ACCUMULATION
════════════════════════════════════════════════════
🟩 TOP 5 BULLISH LEADERS (45 GREEN)
────────────────────────────────────────────────────
SOUN          │ $   7.84 🟢 +20.5% │ 
SHOP          │ $ 144.63 🟢 +17.3% │ 
GOLD_MINERS   │ $  84.71 🟢  +8.7% │ 
IAUX          │ $   1.51 🟢  +7.9% │ 
SILVER_ETF    │ $  84.57 🟢  +7.6% │ 
────────────────────────────────────────────────────
🟥 TOP 5 BEARISH LEADERS (61 RED)
────────────────────────────────────────────────────
SNDK          │ $1243.00 🔴 -12.9% │ 
FIG           │ $  23.84 🔴 -12.1% │ 
AMD           │ $ 481.20 🔴  -7.2% │ 
SOLAR_ETF     │ $  50.75 🔴  -4.9% │ 
ELF           │ $  83.72 🔴  -4.7% │ 
════════════════════════════════════════════════════
M82 TERMINAL ENGINE • v4.4.2 MONOSPACE MASTER | Latency: ~6.5s | 05/08/2026 22:10 VET

🏛️ MOLINA HOLDINGS — INSTITUTIONAL MATRIX v4.4.2
⏱️ 05/08/2026 22:11 VET | 🌙 POST-MARKET & ASIA STANDBY (300s)
🏛️ POLICY: FED RATE 5.25% │ CPI YoY 3.0%
🌐 MACRO: DXY 99.66 (-0.0%) │ US10Y 4.62% │ VIX 15.82
🌏 ASIA FX: USD/JPY 157.65 (-0.02%) │ USD/CNH 6.7480 (+0.02%)
────────────────────────────────────────────────────
⚡ CONTINUOUS DERIVATIVES & FUTURES (GLOBEX / CME):
EQTY │ ES    7756.25 🟢 +0.09% │ NQ   29501.00 🔴 -0.38%
     │ YM   54590.00 🟢 +0.18% │ RTY   3025.70 🟢 +0.01%
ENRG │ WTI     75.75 🟢 +0.70% │ NG       2.67 🔴 -0.67%
     │ RB       2.83 🔴 -0.16%
METL │ GOLD  4348.70 🟢 +1.01% │ SILV    62.51 🟢 +0.35%
     │ HG       6.73 🔴 -0.01%
AGRI │ CORN   461.50 🟢 +0.33% │ SOYB  1176.50 🟢 +0.15%
     │ WEAT   644.00 🟢 +0.27%
────────────────────────────────────────────────────
🐋 INSTITUTIONAL WHALE VOLUME SPIKES (3m Window):
• ⚡ WHALE SPIKE: NASDAQ100 2905K in 3m (5.9x AVG) 🟢 ACCUMULATION
════════════════════════════════════════════════════
🟩 TOP 5 BULLISH LEADERS (45 GREEN)
────────────────────────────────────────────────────
SOUN          │ $   7.84 🟢 +20.5% │ 
SHOP          │ $ 144.63 🟢 +17.3% │ 
GOLD_MINERS   │ $  84.71 🟢  +8.7% │ 
IAUX          │ $   1.51 🟢  +7.9% │ 
SILVER_ETF    │ $  84.57 🟢  +7.6% │ 
────────────────────────────────────────────────────
🟥 TOP 5 BEARISH LEADERS (61 RED)
────────────────────────────────────────────────────
SNDK          │ $1243.00 🔴 -12.9% │ 
FIG           │ $  23.84 🔴 -12.1% │ 
AMD           │ $ 481.20 🔴  -7.2% │ 
SOLAR_ETF     │ $  50.75 🔴  -4.9% │ 
ELF           │ $  83.72 🔴  -4.7% │ 
════════════════════════════════════════════════════
M82 TERMINAL ENGINE • v4.4.2 MONOSPACE MASTER | Latency: ~12.1s | 05/08/2026 22:11 VET

🏛️ MOLINA HOLDINGS — INSTITUTIONAL MATRIX v4.4.2
⏱️ 05/08/2026 22:13 VET | 🌙 POST-MARKET & ASIA STANDBY (300s)
🏛️ POLICY: FED RATE 5.25% │ CPI YoY 3.0%
🌐 MACRO: DXY 99.66 (-0.0%) │ US10Y 4.62% │ VIX 15.82
🌏 ASIA FX: USD/JPY 157.63 (-0.03%) │ USD/CNH 6.7480 (+0.02%)
────────────────────────────────────────────────────
⚡ CONTINUOUS DERIVATIVES & FUTURES (GLOBEX / CME):
EQTY │ ES    7757.00 🟢 +0.10% │ NQ   29504.25 🔴 -0.37%
     │ YM   54593.00 🟢 +0.18% │ RTY   3025.90 🟢 +0.02%
ENRG │ WTI     75.76 🟢 +0.72% │ NG       2.67 🔴 -0.67%
     │ RB       2.83 🔴 -0.19%
METL │ GOLD  4350.60 🟢 +1.05% │ SILV    62.56 🟢 +0.43%
     │ HG       6.73 🔴 -0.01%
AGRI │ CORN   461.75 🟢 +0.38% │ SOYB  1176.25 🟢 +0.13%
     │ WEAT   644.25 🟢 +0.31%
────────────────────────────────────────────────────
🐋 INSTITUTIONAL WHALE VOLUME SPIKES (3m Window):
• ⚡ WHALE SPIKE: NASDAQ100 2905K in 3m (5.9x AVG) 🟢 ACCUMULATION
════════════════════════════════════════════════════
🟩 TOP 5 BULLISH LEADERS (45 GREEN)
────────────────────────────────────────────────────
SOUN          │ $   7.84 🟢 +20.5% │ 
SHOP          │ $ 144.63 🟢 +17.3% │ 
GOLD_MINERS   │ $  84.71 🟢  +8.7% │ 
IAUX          │ $   1.51 🟢  +7.9% │ 
SILVER_ETF    │ $  84.57 🟢  +7.6% │ 
────────────────────────────────────────────────────
🟥 TOP 5 BEARISH LEADERS (61 RED)
────────────────────────────────────────────────────
SNDK          │ $1243.00 🔴 -12.9% │ 
FIG           │ $  23.84 🔴 -12.1% │ 
AMD           │ $ 481.20 🔴  -7.2% │ 
SOLAR_ETF     │ $  50.75 🔴  -4.9% │ 
ELF           │ $  83.72 🔴  -4.7% │ 
════════════════════════════════════════════════════
M82 TERMINAL ENGINE • v4.4.2 MONOSPACE MASTER | Latency: ~12.4s | 05/08/2026 22:13 VET

🏛️ MOLINA HOLDINGS — INSTITUTIONAL MATRIX v4.4.2
⏱️ 05/08/2026 22:14 VET | 🌙 POST-MARKET & ASIA STANDBY (300s)
🏛️ POLICY: FED RATE 5.25% │ CPI YoY 3.0%
🌐 MACRO: DXY 99.66 (-0.0%) │ US10Y 4.62% │ VIX 15.82
🌏 ASIA FX: USD/JPY 157.63 (-0.03%) │ USD/CNH 6.7479 (+0.02%)
────────────────────────────────────────────────────
⚡ CONTINUOUS DERIVATIVES & FUTURES (GLOBEX / CME):
EQTY │ ES    7757.00 🟢 +0.10% │ NQ   29494.25 🔴 -0.41%
     │ YM   54600.00 🟢 +0.19% │ RTY   3026.30 🟢 +0.03%
ENRG │ WTI     75.79 🟢 +0.76% │ NG       2.67 🔴 -0.67%
     │ RB       2.83 🔴 -0.19%
METL │ GOLD  4354.10 🟢 +1.14% │ SILV    62.62 🟢 +0.53%
     │ HG       6.73 🟢 +0.08%
AGRI │ CORN   461.50 🟢 +0.33% │ SOYB  1176.25 🟢 +0.13%
     │ WEAT   644.25 🟢 +0.31%
────────────────────────────────────────────────────
🐋 INSTITUTIONAL WHALE VOLUME SPIKES (3m Window):
• ⚡ WHALE SPIKE: NASDAQ100 2905K in 3m (5.9x AVG) 🟢 ACCUMULATION
════════════════════════════════════════════════════
🟩 TOP 5 BULLISH LEADERS (45 GREEN)
────────────────────────────────────────────────────
SOUN          │ $   7.84 🟢 +20.5% │ 
SHOP          │ $ 144.63 🟢 +17.3% │ 
GOLD_MINERS   │ $  84.71 🟢  +8.7% │ 
IAUX          │ $   1.51 🟢  +7.9% │ 
SILVER_ETF    │ $  84.57 🟢  +7.6% │ 
────────────────────────────────────────────────────
🟥 TOP 5 BEARISH LEADERS (61 RED)
────────────────────────────────────────────────────
SNDK          │ $1243.00 🔴 -12.9% │ 
FIG           │ $  23.84 🔴 -12.1% │ 
AMD           │ $ 481.20 🔴  -7.2% │ 
SOLAR_ETF     │ $  50.75 🔴  -4.9% │ 
ELF           │ $  83.72 🔴  -4.7% │ 
════════════════════════════════════════════════════
M82 TERMINAL ENGINE • v4.4.2 MONOSPACE MASTER | Latency: ~6.6s | 05/08/2026 22:14 VET

🏛️ MOLINA HOLDINGS — INSTITUTIONAL MATRIX v4.4.2
⏱️ 05/08/2026 22:16 VET | 🌙 POST-MARKET & ASIA STANDBY (300s)
🏛️ POLICY: FED RATE 5.25% │ CPI YoY 3.0%
🌐 MACRO: DXY 99.65 (-0.0%) │ US10Y 4.62% │ VIX 15.82
🌏 ASIA FX: USD/JPY 157.64 (-0.02%) │ USD/CNH 6.7478 (+0.02%)
────────────────────────────────────────────────────
⚡ CONTINUOUS DERIVATIVES & FUTURES (GLOBEX / CME):
EQTY │ ES    7759.00 🟢 +0.12% │ NQ   29512.00 🔴 -0.35%
     │ YM   54603.00 🟢 +0.20% │ RTY   3027.00 🟢 +0.05%
ENRG │ WTI     75.67 🟢 +0.60% │ NG       2.67 🔴 -0.63%
     │ RB       2.83 🔴 -0.20%
METL │ GOLD  4359.40 🟢 +1.26% │ SILV    62.68 🟢 +0.63%
     │ HG       6.74 🟢 +0.13%
AGRI │ CORN   461.75 🟢 +0.38% │ SOYB  1176.75 🟢 +0.17%
     │ WEAT   644.25 🟢 +0.31%
────────────────────────────────────────────────────
🐋 INSTITUTIONAL WHALE VOLUME SPIKES (3m Window):
• ⚡ WHALE SPIKE: NASDAQ100 2905K in 3m (5.9x AVG) 🟢 ACCUMULATION
════════════════════════════════════════════════════
🟩 TOP 5 BULLISH LEADERS (45 GREEN)
────────────────────────────────────────────────────
SOUN          │ $   7.84 🟢 +20.5% │ 
SHOP          │ $ 144.63 🟢 +17.3% │ 
GOLD_MINERS   │ $  84.71 🟢  +8.7% │ 
IAUX          │ $   1.51 🟢  +7.9% │ 
SILVER_ETF    │ $  84.57 🟢  +7.6% │ 
────────────────────────────────────────────────────
🟥 TOP 5 BEARISH LEADERS (61 RED)
────────────────────────────────────────────────────
SNDK          │ $1243.00 🔴 -12.9% │ 
FIG           │ $  23.84 🔴 -12.1% │ 
AMD           │ $ 481.20 🔴  -7.2% │ 
SOLAR_ETF     │ $  50.75 🔴  -4.9% │ 
ELF           │ $  83.72 🔴  -4.7% │ 
════════════════════════════════════════════════════
M82 TERMINAL ENGINE • v4.4.2 MONOSPACE MASTER | Latency: ~8.6s | 05/08/2026 22:16 VET

🏛️ MOLINA HOLDINGS — INSTITUTIONAL MATRIX v4.4.2
⏱️ 05/08/2026 22:19 VET | 🌙 POST-MARKET & ASIA STANDBY (300s)
🏛️ POLICY: FED RATE 5.25% │ CPI YoY 3.0%
🌐 MACRO: DXY 99.64 (-0.0%) │ US10Y 4.62% │ VIX 15.82
🌏 ASIA FX: USD/JPY 157.64 (-0.03%) │ USD/CNH 6.7470 (+0.01%)
────────────────────────────────────────────────────
⚡ CONTINUOUS DERIVATIVES & FUTURES (GLOBEX / CME):
EQTY │ ES    7761.25 🟢 +0.15% │ NQ   29528.50 🔴 -0.29%
     │ YM   54623.00 🟢 +0.24% │ RTY   3027.50 🟢 +0.07%
ENRG │ WTI     75.54 🟢 +0.43% │ NG       2.67 🔴 -0.67%
     │ RB       2.83 🔴 -0.31%
METL │ GOLD  4361.40 🟢 +1.31% │ SILV    62.69 🟢 +0.64%
     │ HG       6.74 🟢 +0.17%
AGRI │ CORN   461.50 🟢 +0.33% │ SOYB  1176.25 🟢 +0.13%
     │ WEAT   643.50 🟢 +0.19%
────────────────────────────────────────────────────
🐋 INSTITUTIONAL WHALE VOLUME SPIKES (3m Window):
• ⚡ WHALE SPIKE: NASDAQ100 2905K in 3m (5.9x AVG) 🟢 ACCUMULATION
════════════════════════════════════════════════════
🟩 TOP 5 BULLISH LEADERS (45 GREEN)
────────────────────────────────────────────────────
SOUN          │ $   7.84 🟢 +20.5% │ 
SHOP          │ $ 144.63 🟢 +17.3% │ 
GOLD_MINERS   │ $  84.71 🟢  +8.7% │ 
IAUX          │ $   1.51 🟢  +7.9% │ 
SILVER_ETF    │ $  84.57 🟢  +7.6% │ 
────────────────────────────────────────────────────
🟥 TOP 5 BEARISH LEADERS (61 RED)
────────────────────────────────────────────────────
SNDK          │ $1243.00 🔴 -12.9% │ 
FIG           │ $  23.84 🔴 -12.1% │ 
AMD           │ $ 481.20 🔴  -7.2% │ 
SOLAR_ETF     │ $  50.75 🔴  -4.9% │ 
ELF           │ $  83.72 🔴  -4.7% │ 
════════════════════════════════════════════════════
M82 TERMINAL ENGINE • v4.4.2 MONOSPACE MASTER | Latency: ~8.3s | 05/08/2026 22:19 VET

🏛️ MOLINA HOLDINGS — INSTITUTIONAL MATRIX v4.4.2
⏱️ 05/08/2026 22:21 VET | 🌙 POST-MARKET & ASIA STANDBY (300s)
🏛️ POLICY: FED RATE 5.25% │ CPI YoY 3.0%
🌐 MACRO: DXY 99.65 (-0.0%) │ US10Y 4.62% │ VIX 15.82
🌏 ASIA FX: USD/JPY 157.64 (-0.02%) │ USD/CNH 6.7473 (+0.01%)
────────────────────────────────────────────────────
⚡ CONTINUOUS DERIVATIVES & FUTURES (GLOBEX / CME):
EQTY │ ES    7762.25 🟢 +0.16% │ NQ   29541.25 🔴 -0.25%
     │ YM   54623.00 🟢 +0.24% │ RTY   3028.50 🟢 +0.10%
ENRG │ WTI     75.67 🟢 +0.60% │ NG       2.67 🔴 -0.67%
     │ RB       2.83 🔴 -0.40%
METL │ GOLD  4358.40 🟢 +1.24% │ SILV    62.65 🟢 +0.57%
     │ HG       6.74 🟢 +0.16%
AGRI │ CORN   461.25 🟢 +0.27% │ SOYB  1176.00 🟢 +0.11%
     │ WEAT   643.50 🟢 +0.19%
────────────────────────────────────────────────────
🐋 INSTITUTIONAL WHALE VOLUME SPIKES (3m Window):
• ⚡ WHALE SPIKE: NASDAQ100 2905K in 3m (5.9x AVG) 🟢 ACCUMULATION
════════════════════════════════════════════════════
🟩 TOP 5 BULLISH LEADERS (45 GREEN)
────────────────────────────────────────────────────
SOUN          │ $   7.84 🟢 +20.5% │ 
SHOP          │ $ 144.63 🟢 +17.3% │ 
GOLD_MINERS   │ $  84.71 🟢  +8.7% │ 
IAUX          │ $   1.51 🟢  +7.9% │ 
SILVER_ETF    │ $  84.57 🟢  +7.6% │ 
────────────────────────────────────────────────────
🟥 TOP 5 BEARISH LEADERS (61 RED)
────────────────────────────────────────────────────
SNDK          │ $1243.00 🔴 -12.9% │ 
FIG           │ $  23.84 🔴 -12.1% │ 
AMD           │ $ 481.20 🔴  -7.2% │ 
SOLAR_ETF     │ $  50.75 🔴  -4.9% │ 
ELF           │ $  83.72 🔴  -4.7% │ 
════════════════════════════════════════════════════
M82 TERMINAL ENGINE • v4.4.2 MONOSPACE MASTER | Latency: ~5.7s | 05/08/2026 22:21 VET

🏛️ MOLINA HOLDINGS — INSTITUTIONAL MATRIX v4.4.2
⏱️ 05/08/2026 22:22 VET | 🌙 POST-MARKET & ASIA STANDBY (300s)
🏛️ POLICY: FED RATE 5.25% │ CPI YoY 3.0%
🌐 MACRO: DXY 99.66 (-0.0%) │ US10Y 4.62% │ VIX 15.82
🌏 ASIA FX: USD/JPY 157.63 (-0.03%) │ USD/CNH 6.7471 (+0.01%)
────────────────────────────────────────────────────
⚡ CONTINUOUS DERIVATIVES & FUTURES (GLOBEX / CME):
EQTY │ ES    7763.50 🟢 +0.18% │ NQ   29554.25 🔴 -0.21%
     │ YM   54621.00 🟢 +0.23% │ RTY   3028.20 🟢 +0.09%
ENRG │ WTI     75.61 🟢 +0.52% │ NG       2.67 🔴 -0.67%
     │ RB       2.83 🔴 -0.40%
METL │ GOLD  4354.90 🟢 +1.15% │ SILV    62.56 🟢 +0.44%
     │ HG       6.74 🟢 +0.21%
AGRI │ CORN   461.50 🟢 +0.33% │ SOYB  1176.25 🟢 +0.13%
     │ WEAT   643.50 🟢 +0.19%
────────────────────────────────────────────────────
🐋 INSTITUTIONAL WHALE VOLUME SPIKES (3m Window):
• ⚡ WHALE SPIKE: NASDAQ100 2905K in 3m (5.9x AVG) 🟢 ACCUMULATION
════════════════════════════════════════════════════
🟩 TOP 5 BULLISH LEADERS (45 GREEN)
────────────────────────────────────────────────────
SOUN          │ $   7.84 🟢 +20.5% │ 
SHOP          │ $ 144.63 🟢 +17.3% │ 
GOLD_MINERS   │ $  84.71 🟢  +8.7% │ 
IAUX          │ $   1.51 🟢  +7.9% │ 
SILVER_ETF    │ $  84.57 🟢  +7.6% │ 
────────────────────────────────────────────────────
🟥 TOP 5 BEARISH LEADERS (61 RED)
────────────────────────────────────────────────────
SNDK          │ $1243.00 🔴 -12.9% │ 
FIG           │ $  23.84 🔴 -12.1% │ 
AMD           │ $ 481.20 🔴  -7.2% │ 
SOLAR_ETF     │ $  50.75 🔴  -4.9% │ 
KOSPI         │   6286.60 🔴  -4.7% │ 
════════════════════════════════════════════════════
M82 TERMINAL ENGINE • v4.4.2 MONOSPACE MASTER | Latency: ~11.8s | 05/08/2026 22:22 VET

🏛️ MOLINA HOLDINGS — INSTITUTIONAL MATRIX v4.4.2
⏱️ 05/08/2026 22:28 VET | 🌙 POST-MARKET & ASIA STANDBY (300s)
🏛️ POLICY: FED RATE 5.25% │ CPI YoY 3.0%
🌐 MACRO: DXY 99.65 (-0.0%) │ US10Y 4.62% │ VIX 15.82
🌏 ASIA FX: USD/JPY 157.66 (-0.01%) │ USD/CNH 6.7473 (+0.01%)
────────────────────────────────────────────────────
⚡ CONTINUOUS DERIVATIVES & FUTURES (GLOBEX / CME):
EQTY │ ES    7760.75 🟢 +0.15% │ NQ   29550.50 🔴 -0.22%
     │ YM   54593.00 🟢 +0.18% │ RTY   3026.50 🟢 +0.04%
ENRG │ WTI     75.64 🟢 +0.56% │ NG       2.67 🔴 -0.48%
     │ RB       2.83 🔴 -0.40%
METL │ GOLD  4356.10 🟢 +1.18% │ SILV    62.68 🟢 +0.63%
     │ HG       6.74 🟢 +0.25%
AGRI │ CORN   461.25 🟢 +0.27% │ SOYB  1176.00 🟢 +0.11%
     │ WEAT   642.75 🟢 +0.08%
────────────────────────────────────────────────────
🐋 INSTITUTIONAL WHALE VOLUME SPIKES (3m Window):
• ⚡ WHALE SPIKE: NASDAQ100 2905K in 3m (5.9x AVG) 🟢 ACCUMULATION
════════════════════════════════════════════════════
🟩 TOP 5 BULLISH LEADERS (45 GREEN)
────────────────────────────────────────────────────
SOUN          │ $   7.84 🟢 +20.5% │ 
SHOP          │ $ 144.63 🟢 +17.3% │ 
GOLD_MINERS   │ $  84.71 🟢  +8.7% │ 
IAUX          │ $   1.51 🟢  +7.9% │ 
SILVER_ETF    │ $  84.57 🟢  +7.6% │ 
────────────────────────────────────────────────────
🟥 TOP 5 BEARISH LEADERS (61 RED)
────────────────────────────────────────────────────
SNDK          │ $1243.00 🔴 -12.9% │ 
FIG           │ $  23.84 🔴 -12.1% │ 
AMD           │ $ 481.20 🔴  -7.2% │ 
SOLAR_ETF     │ $  50.75 🔴  -4.9% │ 
ELF           │ $  83.72 🔴  -4.7% │ 
════════════════════════════════════════════════════
M82 TERMINAL ENGINE • v4.4.2 MONOSPACE MASTER | Latency: ~6.6s | 05/08/2026 22:28 VET

🏛️ MOLINA HOLDINGS — INSTITUTIONAL MATRIX v4.4.2
⏱️ 05/08/2026 23:03 VET | 🌙 POST-MARKET & ASIA STANDBY (300s)
🏛️ POLICY: FED RATE 5.25% │ CPI YoY 3.0%
🌐 MACRO: DXY 99.66 (-0.0%) │ US10Y 4.62% │ VIX 15.82
🌏 ASIA FX: USD/JPY 157.69 (+0.01%) │ USD/CNH 6.7472 (+0.01%)
────────────────────────────────────────────────────
⚡ CONTINUOUS DERIVATIVES & FUTURES (GLOBEX / CME):
EQTY │ ES    7765.00 🟢 +0.20% │ NQ   29596.50 🔴 -0.06%
     │ YM   54605.00 🟢 +0.20% │ RTY   3028.40 🟢 +0.10%
ENRG │ WTI     75.49 🟢 +0.36% │ NG       2.67 🔴 -0.48%
     │ RB       2.83 🔴 -0.29%
METL │ GOLD  4335.90 🟢 +0.71% │ SILV    62.56 🟢 +0.43%
     │ HG       6.74 🟢 +0.16%
AGRI │ CORN   461.25 🟢 +0.27% │ SOYB  1177.25 🟢 +0.21%
     │ WEAT   643.00 🟢 +0.12%
────────────────────────────────────────────────────
🐋 INSTITUTIONAL WHALE VOLUME SPIKES (3m Window):
• ⚡ WHALE SPIKE: NASDAQ100 2905K in 3m (5.9x AVG) 🟢 ACCUMULATION
════════════════════════════════════════════════════
🟩 TOP 5 BULLISH LEADERS (46 GREEN)
────────────────────────────────────────────────────
SOUN          │ $   7.84 🟢 +20.5% │ 
SHOP          │ $ 144.63 🟢 +17.3% │ 
GOLD_MINERS   │ $  84.71 🟢  +8.7% │ 
IAUX          │ $   1.51 🟢  +7.9% │ 
SILVER_ETF    │ $  84.57 🟢  +7.6% │ 
────────────────────────────────────────────────────
🟥 TOP 5 BEARISH LEADERS (60 RED)
────────────────────────────────────────────────────
SNDK          │ $1243.00 🔴 -12.9% │ 
FIG           │ $  23.84 🔴 -12.1% │ 
AMD           │ $ 481.20 🔴  -7.2% │ 
SOLAR_ETF     │ $  50.75 🔴  -4.9% │ 
ELF           │ $  83.72 🔴  -4.7% │ 
════════════════════════════════════════════════════
M82 TERMINAL ENGINE • v4.4.2 MONOSPACE MASTER | Latency: ~7.6s | 05/08/2026 23:03 VET

🏛️ MOLINA HOLDINGS — INSTITUTIONAL MATRIX v4.4.2
⏱️ 05/08/2026 23:05 VET | 🌙 POST-MARKET & ASIA STANDBY (300s)
🏛️ POLICY: FED RATE 5.25% │ CPI YoY 3.0%
🌐 MACRO: DXY 99.67 (-0.0%) │ US10Y 4.62% │ VIX 15.82
🌏 ASIA FX: USD/JPY 157.70 (+0.01%) │ USD/CNH 6.7466 (+0.00%)
────────────────────────────────────────────────────
⚡ CONTINUOUS DERIVATIVES & FUTURES (GLOBEX / CME):
EQTY │ ES    7765.25 🟢 +0.20% │ NQ   29598.25 🔴 -0.06%
     │ YM   54608.00 🟢 +0.21% │ RTY   3028.50 🟢 +0.10%
ENRG │ WTI     75.52 🟢 +0.40% │ NG       2.67 🔴 -0.48%
     │ RB       2.83 🔴 -0.29%
METL │ GOLD  4336.50 🟢 +0.73% │ SILV    62.53 🟢 +0.39%
     │ HG       6.74 🟢 +0.16%
AGRI │ CORN   461.25 🟢 +0.27% │ SOYB  1177.50 🟢 +0.23%
     │ WEAT   643.00 🟢 +0.12%
────────────────────────────────────────────────────
🐋 INSTITUTIONAL WHALE VOLUME SPIKES (3m Window):
• ⚡ WHALE SPIKE: NASDAQ100 2905K in 3m (5.9x AVG) 🟢 ACCUMULATION
════════════════════════════════════════════════════
🟩 TOP 5 BULLISH LEADERS (46 GREEN)
────────────────────────────────────────────────────
SOUN          │ $   7.84 🟢 +20.5% │ 
SHOP          │ $ 144.63 🟢 +17.3% │ 
GOLD_MINERS   │ $  84.71 🟢  +8.7% │ 
IAUX          │ $   1.51 🟢  +7.9% │ 
SILVER_ETF    │ $  84.57 🟢  +7.6% │ 
────────────────────────────────────────────────────
🟥 TOP 5 BEARISH LEADERS (60 RED)
────────────────────────────────────────────────────
SNDK          │ $1243.00 🔴 -12.9% │ 
FIG           │ $  23.84 🔴 -12.1% │ 
AMD           │ $ 481.20 🔴  -7.2% │ 
SOLAR_ETF     │ $  50.75 🔴  -4.9% │ 
ELF           │ $  83.72 🔴  -4.7% │ 
════════════════════════════════════════════════════
M82 TERMINAL ENGINE • v4.4.2 MONOSPACE MASTER | Latency: ~12.1s | 05/08/2026 23:05 VET

./M82_RUNNER.sh: line 9:  6420 Killed                     python3 m82_institutional_matrix.py
🏛️ MOLINA HOLDINGS — INSTITUTIONAL MATRIX v4.4.2
⏱️ 05/08/2026 23:06 VET | 🌙 POST-MARKET & ASIA STANDBY (300s)
🏛️ POLICY: FED RATE 5.25% │ CPI YoY 3.0%
🌐 MACRO: DXY 99.68 (+0.0%) │ US10Y 4.62% │ VIX 15.82
🌏 ASIA FX: USD/JPY 157.70 (+0.02%) │ USD/CNH 6.7465 (+0.00%)
────────────────────────────────────────────────────
⚡ CONTINUOUS DERIVATIVES & FUTURES (GLOBEX / CME):
EQTY │ ES    7764.75 🟢 +0.20% │ NQ   29590.50 🔴 -0.08%
     │ YM   54602.00 🟢 +0.20% │ RTY   3028.30 🟢 +0.10%
ENRG │ WTI     75.50 🟢 +0.37% │ NG       2.68 🔴 -0.45%
     │ RB       2.83 🔴 -0.30%
METL │ GOLD  4338.20 🟢 +0.77% │ SILV    62.54 🟢 +0.41%
     │ HG       6.74 🟢 +0.19%
AGRI │ CORN   461.50 🟢 +0.33% │ SOYB  1177.50 🟢 +0.23%
     │ WEAT   643.00 🟢 +0.12%
────────────────────────────────────────────────────
🐋 INSTITUTIONAL WHALE VOLUME SPIKES (3m Window):
• ⚡ WHALE SPIKE: NASDAQ100 2905K in 3m (5.9x AVG) 🟢 ACCUMULATION
════════════════════════════════════════════════════
🟩 TOP 5 BULLISH LEADERS (46 GREEN)
────────────────────────────────────────────────────
SOUN          │ $   7.84 🟢 +20.5% │ 
SHOP          │ $ 144.63 🟢 +17.3% │ 
GOLD_MINERS   │ $  84.71 🟢  +8.7% │ 
IAUX          │ $   1.51 🟢  +7.9% │ 
SILVER_ETF    │ $  84.57 🟢  +7.6% │ 
────────────────────────────────────────────────────
🟥 TOP 5 BEARISH LEADERS (60 RED)
────────────────────────────────────────────────────
SNDK          │ $1243.00 🔴 -12.9% │ 
FIG           │ $  23.84 🔴 -12.1% │ 
AMD           │ $ 481.20 🔴  -7.2% │ 
SOLAR_ETF     │ $  50.75 🔴  -4.9% │ 
ELF           │ $  83.72 🔴  -4.7% │ 
════════════════════════════════════════════════════
M82 TERMINAL ENGINE • v4.4.2 MONOSPACE MASTER | Latency: ~8.8s | 05/08/2026 23:06 VET

🏛️ MOLINA HOLDINGS — INSTITUTIONAL MATRIX v4.4.2
⏱️ 05/08/2026 23:27 VET | 🌙 POST-MARKET & ASIA STANDBY (300s)
🏛️ POLICY: FED RATE 5.25% │ CPI YoY 3.0%
🌐 MACRO: DXY 99.69 (+0.0%) │ US10Y 4.62% │ VIX 15.82
🌏 ASIA FX: USD/JPY 157.73 (+0.03%) │ USD/CNH 6.7481 (+0.02%)
────────────────────────────────────────────────────
⚡ CONTINUOUS DERIVATIVES & FUTURES (GLOBEX / CME):
EQTY │ ES    7763.50 🟢 +0.18% │ NQ   29578.25 🔴 -0.12%
     │ YM   54613.00 🟢 +0.22% │ RTY   3028.30 🟢 +0.10%
ENRG │ WTI     75.43 🟢 +0.28% │ NG       2.68 🔴 -0.45%
     │ RB       2.83 🔴 -0.33%
METL │ GOLD  4326.40 🟢 +0.49% │ SILV    62.33 🟢 +0.06%
     │ HG       6.72 🔴 -0.15%
AGRI │ CORN   461.50 🟢 +0.33% │ SOYB  1177.50 🟢 +0.23%
     │ WEAT   643.25 🟢 +0.16%
────────────────────────────────────────────────────
🐋 INSTITUTIONAL WHALE VOLUME SPIKES (3m Window):
• ⚡ WHALE SPIKE: NASDAQ100 2905K in 3m (5.9x AVG) 🟢 ACCUMULATION
════════════════════════════════════════════════════
🟩 TOP 5 BULLISH LEADERS (45 GREEN)
────────────────────────────────────────────────────
SOUN          │ $   7.84 🟢 +20.5% │ 
SHOP          │ $ 144.63 🟢 +17.3% │ 
GOLD_MINERS   │ $  84.71 🟢  +8.7% │ 
IAUX          │ $   1.51 🟢  +7.9% │ 
SILVER_ETF    │ $  84.57 🟢  +7.6% │ 
────────────────────────────────────────────────────
🟥 TOP 5 BEARISH LEADERS (61 RED)
────────────────────────────────────────────────────
SNDK          │ $1243.00 🔴 -12.9% │ 
FIG           │ $  23.84 🔴 -12.1% │ 
AMD           │ $ 481.20 🔴  -7.2% │ 
SOLAR_ETF     │ $  50.75 🔴  -4.9% │ 
ELF           │ $  83.72 🔴  -4.7% │ 
════════════════════════════════════════════════════
M82 TERMINAL ENGINE • v4.4.2 MONOSPACE MASTER | Latency: ~7.2s | 05/08/2026 23:27 VET

🏛️ MOLINA HOLDINGS — INSTITUTIONAL MATRIX v4.4.2
⏱️ 05/08/2026 23:28 VET | 🌙 POST-MARKET & ASIA STANDBY (300s)
🏛️ POLICY: FED RATE 5.25% │ CPI YoY 3.0%
🌐 MACRO: DXY 99.70 (+0.0%) │ US10Y 4.62% │ VIX 15.82
🌏 ASIA FX: USD/JPY 157.72 (+0.03%) │ USD/CNH 6.7474 (+0.01%)
────────────────────────────────────────────────────
⚡ CONTINUOUS DERIVATIVES & FUTURES (GLOBEX / CME):
EQTY │ ES    7763.50 🟢 +0.18% │ NQ   29561.00 🔴 -0.18%
     │ YM   54608.00 🟢 +0.21% │ RTY   3027.80 🟢 +0.08%
ENRG │ WTI     75.45 🟢 +0.31% │ NG       2.68 🔴 -0.45%
     │ RB       2.83 🔴 -0.33%
METL │ GOLD  4324.10 🟢 +0.44% │ SILV    62.23 🔴 -0.09%
     │ HG       6.71 🔴 -0.19%
AGRI │ CORN   461.50 🟢 +0.33% │ SOYB  1177.50 🟢 +0.23%
     │ WEAT   643.25 🟢 +0.16%
────────────────────────────────────────────────────
🐋 INSTITUTIONAL WHALE VOLUME SPIKES (3m Window):
• ⚡ WHALE SPIKE: NASDAQ100 2905K in 3m (5.9x AVG) 🟢 ACCUMULATION
════════════════════════════════════════════════════
🟩 TOP 5 BULLISH LEADERS (45 GREEN)
────────────────────────────────────────────────────
SOUN          │ $   7.84 🟢 +20.5% │ 
SHOP          │ $ 144.63 🟢 +17.3% │ 
GOLD_MINERS   │ $  84.71 🟢  +8.7% │ 
IAUX          │ $   1.51 🟢  +7.9% │ 
SILVER_ETF    │ $  84.57 🟢  +7.6% │ 
────────────────────────────────────────────────────
🟥 TOP 5 BEARISH LEADERS (61 RED)
────────────────────────────────────────────────────
SNDK          │ $1243.00 🔴 -12.9% │ 
FIG           │ $  23.84 🔴 -12.1% │ 
AMD           │ $ 481.20 🔴  -7.2% │ 
SOLAR_ETF     │ $  50.75 🔴  -4.9% │ 
ELF           │ $  83.72 🔴  -4.7% │ 
════════════════════════════════════════════════════
M82 TERMINAL ENGINE • v4.4.2 MONOSPACE MASTER | Latency: ~7.7s | 05/08/2026 23:28 VET

🏛️ MOLINA HOLDINGS — INSTITUTIONAL MATRIX v4.4.2
⏱️ 05/08/2026 23:29 VET | 🌙 POST-MARKET & ASIA STANDBY (300s)
🏛️ POLICY: FED RATE 5.25% │ CPI YoY 3.0%
🌐 MACRO: DXY 99.70 (+0.0%) │ US10Y 4.62% │ VIX 15.82
🌏 ASIA FX: USD/JPY 157.72 (+0.03%) │ USD/CNH 6.7480 (+0.02%)
────────────────────────────────────────────────────
⚡ CONTINUOUS DERIVATIVES & FUTURES (GLOBEX / CME):
EQTY │ ES    7763.25 🟢 +0.18% │ NQ   29557.75 🔴 -0.19%
     │ YM   54610.00 🟢 +0.21% │ RTY   3028.00 🟢 +0.09%
ENRG │ WTI     75.45 🟢 +0.31% │ NG       2.67 🔴 -0.48%
     │ RB       2.83 🔴 -0.33%
METL │ GOLD  4325.30 🟢 +0.47% │ SILV    62.24 🔴 -0.08%
     │ HG       6.72 🔴 -0.18%
AGRI │ CORN   461.25 🟢 +0.27% │ SOYB  1176.25 🟢 +0.13%
     │ WEAT   642.50 🟢 +0.04%
────────────────────────────────────────────────────
🐋 INSTITUTIONAL WHALE VOLUME SPIKES (3m Window):
• ⚡ WHALE SPIKE: NASDAQ100 2905K in 3m (5.9x AVG) 🟢 ACCUMULATION
════════════════════════════════════════════════════
🟩 TOP 5 BULLISH LEADERS (45 GREEN)
────────────────────────────────────────────────────
SOUN          │ $   7.84 🟢 +20.5% │ 
SHOP          │ $ 144.63 🟢 +17.3% │ 
GOLD_MINERS   │ $  84.71 🟢  +8.7% │ 
IAUX          │ $   1.51 🟢  +7.9% │ 
SILVER_ETF    │ $  84.57 🟢  +7.6% │ 
────────────────────────────────────────────────────
🟥 TOP 5 BEARISH LEADERS (61 RED)
────────────────────────────────────────────────────
SNDK          │ $1243.00 🔴 -12.9% │ 
FIG           │ $  23.84 🔴 -12.1% │ 
AMD           │ $ 481.20 🔴  -7.2% │ 
SOLAR_ETF     │ $  50.75 🔴  -4.9% │ 
ELF           │ $  83.72 🔴  -4.7% │ 
════════════════════════════════════════════════════
M82 TERMINAL ENGINE • v4.4.2 MONOSPACE MASTER | Latency: ~9.3s | 05/08/2026 23:29 VET

🏛️ MOLINA HOLDINGS — INSTITUTIONAL MATRIX v4.4.2
⏱️ 05/08/2026 23:30 VET | 🌙 POST-MARKET & ASIA STANDBY (300s)
🏛️ POLICY: FED RATE 5.25% │ CPI YoY 3.0%
🌐 MACRO: DXY 99.70 (+0.0%) │ US10Y 4.62% │ VIX 15.82
🌏 ASIA FX: USD/JPY 157.71 (+0.02%) │ USD/CNH 6.7479 (+0.02%)
────────────────────────────────────────────────────
⚡ CONTINUOUS DERIVATIVES & FUTURES (GLOBEX / CME):
EQTY │ ES    7762.50 🟢 +0.17% │ NQ   29548.50 🔴 -0.22%
     │ YM   54605.00 🟢 +0.20% │ RTY   3027.80 🟢 +0.08%
ENRG │ WTI     75.50 🟢 +0.37% │ NG       2.67 🔴 -0.48%
     │ RB       2.83 🔴 -0.33%
METL │ GOLD  4325.50 🟢 +0.47% │ SILV    62.22 🔴 -0.12%
     │ HG       6.72 🔴 -0.19%
AGRI │ CORN   461.00 🟢 +0.22% │ SOYB  1176.50 🟢 +0.15%
     │ WEAT   642.50 🟢 +0.04%
────────────────────────────────────────────────────
🐋 INSTITUTIONAL WHALE VOLUME SPIKES (3m Window):
• ⚡ WHALE SPIKE: NASDAQ100 2905K in 3m (5.9x AVG) 🟢 ACCUMULATION
════════════════════════════════════════════════════
🟩 TOP 5 BULLISH LEADERS (45 GREEN)
────────────────────────────────────────────────────
SOUN          │ $   7.84 🟢 +20.5% │ 
SHOP          │ $ 144.63 🟢 +17.3% │ 
GOLD_MINERS   │ $  84.71 🟢  +8.7% │ 
IAUX          │ $   1.51 🟢  +7.9% │ 
SILVER_ETF    │ $  84.57 🟢  +7.6% │ 
────────────────────────────────────────────────────
🟥 TOP 5 BEARISH LEADERS (61 RED)
────────────────────────────────────────────────────
SNDK          │ $1243.00 🔴 -12.9% │ 
FIG           │ $  23.84 🔴 -12.1% │ 
AMD           │ $ 481.20 🔴  -7.2% │ 
SOLAR_ETF     │ $  50.75 🔴  -4.9% │ 
ELF           │ $  83.72 🔴  -4.7% │ 
════════════════════════════════════════════════════
M82 TERMINAL ENGINE • v4.4.2 MONOSPACE MASTER | Latency: ~8.8s | 05/08/2026 23:30 VET

🏛️ MOLINA HOLDINGS — INSTITUTIONAL MATRIX v4.4.2
⏱️ 05/08/2026 23:32 VET | 🌙 POST-MARKET & ASIA STANDBY (300s)
🏛️ POLICY: FED RATE 5.25% │ CPI YoY 3.0%
🌐 MACRO: DXY 99.70 (+0.0%) │ US10Y 4.62% │ VIX 15.82
🌏 ASIA FX: USD/JPY 157.70 (+0.01%) │ USD/CNH 6.7480 (+0.02%)
────────────────────────────────────────────────────
⚡ CONTINUOUS DERIVATIVES & FUTURES (GLOBEX / CME):
EQTY │ ES    7763.00 🟢 +0.17% │ NQ   29554.00 🔴 -0.21%
     │ YM   54605.00 🟢 +0.20% │ RTY   3027.70 🟢 +0.08%
ENRG │ WTI     75.49 🟢 +0.36% │ NG       2.67 🔴 -0.48%
     │ RB       2.83 🔴 -0.33%
METL │ GOLD  4324.60 🟢 +0.45% │ SILV    62.27 🔴 -0.03%
     │ HG       6.72 🔴 -0.14%
AGRI │ CORN   461.25 🟢 +0.27% │ SOYB  1176.50 🟢 +0.15%
     │ WEAT   642.00 🔴 -0.04%
────────────────────────────────────────────────────
🐋 INSTITUTIONAL WHALE VOLUME SPIKES (3m Window):
• ⚡ WHALE SPIKE: NASDAQ100 2905K in 3m (5.9x AVG) 🟢 ACCUMULATION
════════════════════════════════════════════════════
🟩 TOP 5 BULLISH LEADERS (45 GREEN)
────────────────────────────────────────────────────
SOUN          │ $   7.84 🟢 +20.5% │ 
SHOP          │ $ 144.63 🟢 +17.3% │ 
GOLD_MINERS   │ $  84.71 🟢  +8.7% │ 
IAUX          │ $   1.51 🟢  +7.9% │ 
SILVER_ETF    │ $  84.57 🟢  +7.6% │ 
────────────────────────────────────────────────────
🟥 TOP 5 BEARISH LEADERS (61 RED)
────────────────────────────────────────────────────
SNDK          │ $1243.00 🔴 -12.9% │ 
FIG           │ $  23.84 🔴 -12.1% │ 
AMD           │ $ 481.20 🔴  -7.2% │ 
SOLAR_ETF     │ $  50.75 🔴  -4.9% │ 
ELF           │ $  83.72 🔴  -4.7% │ 
════════════════════════════════════════════════════
M82 TERMINAL ENGINE • v4.4.2 MONOSPACE MASTER | Latency: ~8.2s | 05/08/2026 23:32 VET

🏛️ MOLINA HOLDINGS — INSTITUTIONAL MATRIX v4.4.2
⏱️ 05/08/2026 23:33 VET | 🌙 POST-MARKET & ASIA STANDBY (300s)
🏛️ POLICY: FED RATE 5.25% │ CPI YoY 3.0%
🌐 MACRO: DXY 99.71 (+0.0%) │ US10Y 4.62% │ VIX 15.82
🌏 ASIA FX: USD/JPY 157.70 (+0.02%) │ USD/CNH 6.7474 (+0.01%)
────────────────────────────────────────────────────
⚡ CONTINUOUS DERIVATIVES & FUTURES (GLOBEX / CME):
EQTY │ ES    7762.75 🟢 +0.17% │ NQ   29550.50 🔴 -0.22%
     │ YM   54604.00 🟢 +0.20% │ RTY   3028.00 🟢 +0.09%
ENRG │ WTI     75.52 🟢 +0.40% │ NG       2.67 🔴 -0.48%
     │ RB       2.83 🔴 -0.33%
METL │ GOLD  4324.10 🟢 +0.44% │ SILV    62.22 🔴 -0.11%
     │ HG       6.72 🔴 -0.17%
AGRI │ CORN   461.25 🟢 +0.27% │ SOYB  1176.50 🟢 +0.15%
     │ WEAT   642.25 🟢 +0.00%
────────────────────────────────────────────────────
🐋 INSTITUTIONAL WHALE VOLUME SPIKES (3m Window):
• ⚡ WHALE SPIKE: NASDAQ100 2905K in 3m (5.9x AVG) 🟢 ACCUMULATION
════════════════════════════════════════════════════
🟩 TOP 5 BULLISH LEADERS (45 GREEN)
────────────────────────────────────────────────────
SOUN          │ $   7.84 🟢 +20.5% │ 
SHOP          │ $ 144.63 🟢 +17.3% │ 
GOLD_MINERS   │ $  84.71 🟢  +8.7% │ 
IAUX          │ $   1.51 🟢  +7.9% │ 
SILVER_ETF    │ $  84.57 🟢  +7.6% │ 
────────────────────────────────────────────────────
🟥 TOP 5 BEARISH LEADERS (61 RED)
────────────────────────────────────────────────────
SNDK          │ $1243.00 🔴 -12.9% │ 
FIG           │ $  23.84 🔴 -12.1% │ 
AMD           │ $ 481.20 🔴  -7.2% │ 
SOLAR_ETF     │ $  50.75 🔴  -4.9% │ 
ELF           │ $  83.72 🔴  -4.7% │ 
════════════════════════════════════════════════════
M82 TERMINAL ENGINE • v4.4.2 MONOSPACE MASTER | Latency: ~9.6s | 05/08/2026 23:33 VET

🏛️ MOLINA HOLDINGS — INSTITUTIONAL MATRIX v4.4.2
⏱️ 05/08/2026 23:34 VET | 🌙 POST-MARKET & ASIA STANDBY (300s)
🏛️ POLICY: FED RATE 5.25% │ CPI YoY 3.0%
🌐 MACRO: DXY 99.71 (+0.0%) │ US10Y 4.62% │ VIX 15.82
🌏 ASIA FX: USD/JPY 157.70 (+0.01%) │ USD/CNH 6.7473 (+0.01%)
────────────────────────────────────────────────────
⚡ CONTINUOUS DERIVATIVES & FUTURES (GLOBEX / CME):
EQTY │ ES    7762.00 🟢 +0.16% │ NQ   29547.25 🔴 -0.23%
     │ YM   54601.00 🟢 +0.20% │ RTY   3027.40 🟢 +0.07%
ENRG │ WTI     75.49 🟢 +0.36% │ NG       2.67 🔴 -0.48%
     │ RB       2.83 🔴 -0.30%
METL │ GOLD  4324.90 🟢 +0.46% │ SILV    62.22 🔴 -0.12%
     │ HG       6.72 🔴 -0.17%
AGRI │ CORN   461.25 🟢 +0.27% │ SOYB  1176.50 🟢 +0.15%
     │ WEAT   642.25 🟢 +0.00%
────────────────────────────────────────────────────
🐋 INSTITUTIONAL WHALE VOLUME SPIKES (3m Window):
• ⚡ WHALE SPIKE: NASDAQ100 2905K in 3m (5.9x AVG) 🟢 ACCUMULATION
════════════════════════════════════════════════════
🟩 TOP 5 BULLISH LEADERS (45 GREEN)
────────────────────────────────────────────────────
SOUN          │ $   7.84 🟢 +20.5% │ 
SHOP          │ $ 144.63 🟢 +17.3% │ 
GOLD_MINERS   │ $  84.71 🟢  +8.7% │ 
IAUX          │ $   1.51 🟢  +7.9% │ 
SILVER_ETF    │ $  84.57 🟢  +7.6% │ 
────────────────────────────────────────────────────
🟥 TOP 5 BEARISH LEADERS (61 RED)
────────────────────────────────────────────────────
SNDK          │ $1243.00 🔴 -12.9% │ 
FIG           │ $  23.84 🔴 -12.1% │ 
AMD           │ $ 481.20 🔴  -7.2% │ 
SOLAR_ETF     │ $  50.75 🔴  -4.9% │ 
ELF           │ $  83.72 🔴  -4.7% │ 
════════════════════════════════════════════════════
M82 TERMINAL ENGINE • v4.4.2 MONOSPACE MASTER | Latency: ~9.1s | 05/08/2026 23:34 VET

🏛️ MOLINA HOLDINGS — INSTITUTIONAL MATRIX v4.4.2
⏱️ 05/08/2026 23:35 VET | 🌙 POST-MARKET & ASIA STANDBY (300s)
🏛️ POLICY: FED RATE 5.25% │ CPI YoY 3.0%
🌐 MACRO: DXY 99.71 (+0.0%) │ US10Y 4.62% │ VIX 15.82
🌏 ASIA FX: USD/JPY 157.71 (+0.02%) │ USD/CNH 6.7476 (+0.02%)
────────────────────────────────────────────────────
⚡ CONTINUOUS DERIVATIVES & FUTURES (GLOBEX / CME):
EQTY │ ES    7761.25 🟢 +0.15% │ NQ   29542.00 🔴 -0.25%
     │ YM   54595.00 🟢 +0.19% │ RTY   3027.40 🟢 +0.07%
ENRG │ WTI     75.50 🟢 +0.37% │ NG       2.67 🔴 -0.48%
     │ RB       2.83 🔴 -0.30%
METL │ GOLD  4321.20 🟢 +0.37% │ SILV    62.19 🔴 -0.16%
     │ HG       6.72 🔴 -0.19%
AGRI │ CORN   461.25 🟢 +0.27% │ SOYB  1176.50 🟢 +0.15%
     │ WEAT   642.25 🟢 +0.00%
────────────────────────────────────────────────────
🐋 INSTITUTIONAL WHALE VOLUME SPIKES (3m Window):
• ⚡ WHALE SPIKE: NASDAQ100 2905K in 3m (5.9x AVG) 🟢 ACCUMULATION
════════════════════════════════════════════════════
🟩 TOP 5 BULLISH LEADERS (45 GREEN)
────────────────────────────────────────────────────
SOUN          │ $   7.84 🟢 +20.5% │ 
SHOP          │ $ 144.63 🟢 +17.3% │ 
GOLD_MINERS   │ $  84.71 🟢  +8.7% │ 
IAUX          │ $   1.51 🟢  +7.9% │ 
SILVER_ETF    │ $  84.57 🟢  +7.6% │ 
────────────────────────────────────────────────────
🟥 TOP 5 BEARISH LEADERS (61 RED)
────────────────────────────────────────────────────
SNDK          │ $1243.00 🔴 -12.9% │ 
FIG           │ $  23.84 🔴 -12.1% │ 
AMD           │ $ 481.20 🔴  -7.2% │ 
SOLAR_ETF     │ $  50.75 🔴  -4.9% │ 
ELF           │ $  83.72 🔴  -4.7% │ 
════════════════════════════════════════════════════
M82 TERMINAL ENGINE • v4.4.2 MONOSPACE MASTER | Latency: ~9.5s | 05/08/2026 23:35 VET

🏛️ MOLINA HOLDINGS — INSTITUTIONAL MATRIX v4.4.2
⏱️ 05/08/2026 23:37 VET | 🌙 POST-MARKET & ASIA STANDBY (300s)
🏛️ POLICY: FED RATE 5.25% │ CPI YoY 3.0%
🌐 MACRO: DXY 99.71 (+0.0%) │ US10Y 4.62% │ VIX 15.82
🌏 ASIA FX: USD/JPY 157.71 (+0.02%) │ USD/CNH 6.7483 (+0.03%)
────────────────────────────────────────────────────
⚡ CONTINUOUS DERIVATIVES & FUTURES (GLOBEX / CME):
EQTY │ ES    7760.25 🟢 +0.14% │ NQ   29539.75 🔴 -0.25%
     │ YM   54594.00 🟢 +0.18% │ RTY   3027.40 🟢 +0.07%
ENRG │ WTI     75.35 🟢 +0.17% │ NG       2.67 🔴 -0.48%
     │ RB       2.83 🔴 -0.45%
METL │ GOLD  4320.90 🟢 +0.36% │ SILV    62.17 🔴 -0.18%
     │ HG       6.72 🔴 -0.16%
AGRI │ CORN   461.25 🟢 +0.27% │ SOYB  1176.50 🟢 +0.15%
     │ WEAT   642.25 🟢 +0.00%
────────────────────────────────────────────────────
🐋 INSTITUTIONAL WHALE VOLUME SPIKES (3m Window):
• ⚡ WHALE SPIKE: NASDAQ100 2905K in 3m (5.9x AVG) 🟢 ACCUMULATION
════════════════════════════════════════════════════
🟩 TOP 5 BULLISH LEADERS (45 GREEN)
────────────────────────────────────────────────────
SOUN          │ $   7.84 🟢 +20.5% │ 
SHOP          │ $ 144.63 🟢 +17.3% │ 
GOLD_MINERS   │ $  84.71 🟢  +8.7% │ 
IAUX          │ $   1.51 🟢  +7.9% │ 
SILVER_ETF    │ $  84.57 🟢  +7.6% │ 
────────────────────────────────────────────────────
🟥 TOP 5 BEARISH LEADERS (61 RED)
────────────────────────────────────────────────────
SNDK          │ $1243.00 🔴 -12.9% │ 
FIG           │ $  23.84 🔴 -12.1% │ 
AMD           │ $ 481.20 🔴  -7.2% │ 
SOLAR_ETF     │ $  50.75 🔴  -4.9% │ 
ELF           │ $  83.72 🔴  -4.7% │ 
════════════════════════════════════════════════════
M82 TERMINAL ENGINE • v4.4.2 MONOSPACE MASTER | Latency: ~9.2s | 05/08/2026 23:37 VET

🏛️ MOLINA HOLDINGS — INSTITUTIONAL MATRIX v4.4.2
⏱️ 05/08/2026 23:38 VET | 🌙 POST-MARKET & ASIA STANDBY (300s)
🏛️ POLICY: FED RATE 5.25% │ CPI YoY 3.0%
🌐 MACRO: DXY 99.71 (+0.0%) │ US10Y 4.62% │ VIX 15.82
🌏 ASIA FX: USD/JPY 157.71 (+0.02%) │ USD/CNH 6.7485 (+0.03%)
────────────────────────────────────────────────────
⚡ CONTINUOUS DERIVATIVES & FUTURES (GLOBEX / CME):
EQTY │ ES    7760.25 🟢 +0.14% │ NQ   29538.25 🔴 -0.26%
     │ YM   54593.00 🟢 +0.18% │ RTY   3027.30 🟢 +0.06%
ENRG │ WTI     75.26 🟢 +0.05% │ NG       2.67 🔴 -0.48%
     │ RB       2.82 🔴 -0.53%
METL │ GOLD  4321.60 🟢 +0.38% │ SILV    62.18 🔴 -0.17%
     │ HG       6.72 🔴 -0.19%
AGRI │ CORN   461.25 🟢 +0.27% │ SOYB  1176.25 🟢 +0.13%
     │ WEAT   642.25 🟢 +0.00%
────────────────────────────────────────────────────
🐋 INSTITUTIONAL WHALE VOLUME SPIKES (3m Window):
• ⚡ WHALE SPIKE: NASDAQ100 2905K in 3m (5.9x AVG) 🟢 ACCUMULATION
════════════════════════════════════════════════════
🟩 TOP 5 BULLISH LEADERS (45 GREEN)
────────────────────────────────────────────────────
SOUN          │ $   7.84 🟢 +20.5% │ 
SHOP          │ $ 144.63 🟢 +17.3% │ 
GOLD_MINERS   │ $  84.71 🟢  +8.7% │ 
IAUX          │ $   1.51 🟢  +7.9% │ 
SILVER_ETF    │ $  84.57 🟢  +7.6% │ 
────────────────────────────────────────────────────
🟥 TOP 5 BEARISH LEADERS (61 RED)
────────────────────────────────────────────────────
SNDK          │ $1243.00 🔴 -12.9% │ 
FIG           │ $  23.84 🔴 -12.1% │ 
AMD           │ $ 481.20 🔴  -7.2% │ 
SOLAR_ETF     │ $  50.75 🔴  -4.9% │ 
ELF           │ $  83.72 🔴  -4.7% │ 
════════════════════════════════════════════════════
M82 TERMINAL ENGINE • v4.4.2 MONOSPACE MASTER | Latency: ~8.5s | 05/08/2026 23:38 VET

🏛️ MOLINA HOLDINGS — INSTITUTIONAL MATRIX v4.4.2
⏱️ 05/08/2026 23:39 VET | 🌙 POST-MARKET & ASIA STANDBY (300s)
🏛️ POLICY: FED RATE 5.25% │ CPI YoY 3.0%
🌐 MACRO: DXY 99.71 (+0.0%) │ US10Y 4.62% │ VIX 15.82
🌏 ASIA FX: USD/JPY 157.72 (+0.03%) │ USD/CNH 6.7483 (+0.03%)
────────────────────────────────────────────────────
⚡ CONTINUOUS DERIVATIVES & FUTURES (GLOBEX / CME):
EQTY │ ES    7760.75 🟢 +0.15% │ NQ   29542.00 🔴 -0.25%
     │ YM   54596.00 🟢 +0.19% │ RTY   3027.40 🟢 +0.07%
ENRG │ WTI     75.23 🟢 +0.01% │ NG       2.67 🔴 -0.48%
     │ RB       2.82 🔴 -0.53%
METL │ GOLD  4324.90 🟢 +0.46% │ SILV    62.22 🔴 -0.11%
     │ HG       6.72 🔴 -0.17%
AGRI │ CORN   461.00 🟢 +0.22% │ SOYB  1176.50 🟢 +0.15%
     │ WEAT   641.75 🔴 -0.08%
────────────────────────────────────────────────────
🐋 INSTITUTIONAL WHALE VOLUME SPIKES (3m Window):
• ⚡ WHALE SPIKE: NASDAQ100 2905K in 3m (5.9x AVG) 🟢 ACCUMULATION
════════════════════════════════════════════════════
🟩 TOP 5 BULLISH LEADERS (45 GREEN)
────────────────────────────────────────────────────
SOUN          │ $   7.84 🟢 +20.5% │ 
SHOP          │ $ 144.63 🟢 +17.3% │ 
GOLD_MINERS   │ $  84.71 🟢  +8.7% │ 
IAUX          │ $   1.51 🟢  +7.9% │ 
SILVER_ETF    │ $  84.57 🟢  +7.6% │ 
────────────────────────────────────────────────────
🟥 TOP 5 BEARISH LEADERS (61 RED)
────────────────────────────────────────────────────
SNDK          │ $1243.00 🔴 -12.9% │ 
FIG           │ $  23.84 🔴 -12.1% │ 
AMD           │ $ 481.20 🔴  -7.2% │ 
SOLAR_ETF     │ $  50.75 🔴  -4.9% │ 
ELF           │ $  83.72 🔴  -4.7% │ 
════════════════════════════════════════════════════
M82 TERMINAL ENGINE • v4.4.2 MONOSPACE MASTER | Latency: ~9.5s | 05/08/2026 23:39 VET

🏛️ MOLINA HOLDINGS — INSTITUTIONAL MATRIX v4.4.2
⏱️ 05/08/2026 23:40 VET | 🌙 POST-MARKET & ASIA STANDBY (300s)
🏛️ POLICY: FED RATE 5.25% │ CPI YoY 3.0%
🌐 MACRO: DXY 99.70 (+0.0%) │ US10Y 4.62% │ VIX 15.82
🌏 ASIA FX: USD/JPY 157.73 (+0.03%) │ USD/CNH 6.7481 (+0.02%)
────────────────────────────────────────────────────
⚡ CONTINUOUS DERIVATIVES & FUTURES (GLOBEX / CME):
EQTY │ ES    7761.50 🟢 +0.15% │ NQ   29549.50 🔴 -0.22%
     │ YM   54599.00 🟢 +0.19% │ RTY   3028.00 🟢 +0.09%
ENRG │ WTI     75.05 🔴 -0.23% │ NG       2.68 🔴 -0.45%
     │ RB       2.82 🔴 -0.62%
METL │ GOLD  4325.30 🟢 +0.47% │ SILV    62.24 🔴 -0.08%
     │ HG       6.72 🔴 -0.16%
AGRI │ CORN   460.50 🟢 +0.11% │ SOYB  1175.75 🟢 +0.09%
     │ WEAT   640.75 🔴 -0.23%
────────────────────────────────────────────────────
🐋 INSTITUTIONAL WHALE VOLUME SPIKES (3m Window):
• ⚡ WHALE SPIKE: NASDAQ100 2905K in 3m (5.9x AVG) 🟢 ACCUMULATION
════════════════════════════════════════════════════
🟩 TOP 5 BULLISH LEADERS (45 GREEN)
────────────────────────────────────────────────────
SOUN          │ $   7.84 🟢 +20.5% │ 
SHOP          │ $ 144.63 🟢 +17.3% │ 
GOLD_MINERS   │ $  84.71 🟢  +8.7% │ 
IAUX          │ $   1.51 🟢  +7.9% │ 
SILVER_ETF    │ $  84.57 🟢  +7.6% │ 
────────────────────────────────────────────────────
🟥 TOP 5 BEARISH LEADERS (61 RED)
────────────────────────────────────────────────────
SNDK          │ $1243.00 🔴 -12.9% │ 
FIG           │ $  23.84 🔴 -12.1% │ 
AMD           │ $ 481.20 🔴  -7.2% │ 
SOLAR_ETF     │ $  50.75 🔴  -4.9% │ 
ELF           │ $  83.72 🔴  -4.7% │ 
════════════════════════════════════════════════════
M82 TERMINAL ENGINE • v4.4.2 MONOSPACE MASTER | Latency: ~9.7s | 05/08/2026 23:40 VET

🏛️ MOLINA HOLDINGS — INSTITUTIONAL MATRIX v4.4.2
⏱️ 05/08/2026 23:42 VET | 🌙 POST-MARKET & ASIA STANDBY (300s)
🏛️ POLICY: FED RATE 5.25% │ CPI YoY 3.0%
🌐 MACRO: DXY 99.70 (+0.0%) │ US10Y 4.62% │ VIX 15.82
🌏 ASIA FX: USD/JPY 157.73 (+0.03%) │ USD/CNH 6.7478 (+0.02%)
────────────────────────────────────────────────────
⚡ CONTINUOUS DERIVATIVES & FUTURES (GLOBEX / CME):
EQTY │ ES    7760.25 🟢 +0.14% │ NQ   29533.00 🔴 -0.28%
     │ YM   54598.00 🟢 +0.19% │ RTY   3027.70 🟢 +0.08%
ENRG │ WTI     75.12 🔴 -0.13% │ NG       2.68 🔴 -0.45%
     │ RB       2.82 🔴 -0.69%
METL │ GOLD  4324.00 🟢 +0.44% │ SILV    62.26 🔴 -0.05%
     │ HG       6.72 🔴 -0.10%
AGRI │ CORN   460.25 🟢 +0.05% │ SOYB  1174.75 🟢 +0.00%
     │ WEAT   641.00 🔴 -0.19%
────────────────────────────────────────────────────
🐋 INSTITUTIONAL WHALE VOLUME SPIKES (3m Window):
• ⚡ WHALE SPIKE: NASDAQ100 2905K in 3m (5.9x AVG) 🟢 ACCUMULATION
════════════════════════════════════════════════════
🟩 TOP 5 BULLISH LEADERS (45 GREEN)
────────────────────────────────────────────────────
SOUN          │ $   7.84 🟢 +20.5% │ 
SHOP          │ $ 144.63 🟢 +17.3% │ 
GOLD_MINERS   │ $  84.71 🟢  +8.7% │ 
IAUX          │ $   1.51 🟢  +7.9% │ 
SILVER_ETF    │ $  84.57 🟢  +7.6% │ 
────────────────────────────────────────────────────
🟥 TOP 5 BEARISH LEADERS (61 RED)
────────────────────────────────────────────────────
SNDK          │ $1243.00 🔴 -12.9% │ 
FIG           │ $  23.84 🔴 -12.1% │ 
AMD           │ $ 481.20 🔴  -7.2% │ 
SOLAR_ETF     │ $  50.75 🔴  -4.9% │ 
ELF           │ $  83.72 🔴  -4.7% │ 
════════════════════════════════════════════════════
M82 TERMINAL ENGINE • v4.4.2 MONOSPACE MASTER | Latency: ~9.7s | 05/08/2026 23:42 VET

🏛️ MOLINA HOLDINGS — INSTITUTIONAL MATRIX v4.4.2
⏱️ 05/08/2026 23:43 VET | 🌙 POST-MARKET & ASIA STANDBY (300s)
🏛️ POLICY: FED RATE 5.25% │ CPI YoY 3.0%
🌐 MACRO: DXY 99.70 (+0.0%) │ US10Y 4.62% │ VIX 15.82
🌏 ASIA FX: USD/JPY 157.73 (+0.03%) │ USD/CNH 6.7484 (+0.03%)
────────────────────────────────────────────────────
⚡ CONTINUOUS DERIVATIVES & FUTURES (GLOBEX / CME):
EQTY │ ES    7760.00 🟢 +0.14% │ NQ   29534.25 🔴 -0.27%
     │ YM   54598.00 🟢 +0.19% │ RTY   3027.10 🟢 +0.06%
ENRG │ WTI     75.02 🔴 -0.27% │ NG       2.68 🔴 -0.41%
     │ RB       2.82 🔴 -0.70%
METL │ GOLD  4324.10 🟢 +0.44% │ SILV    62.26 🔴 -0.05%
     │ HG       6.72 🔴 -0.10%
AGRI │ CORN   460.50 🟢 +0.11% │ SOYB  1174.50 🔴 -0.02%
     │ WEAT   641.00 🔴 -0.19%
────────────────────────────────────────────────────
🐋 INSTITUTIONAL WHALE VOLUME SPIKES (3m Window):
• ⚡ WHALE SPIKE: NASDAQ100 2905K in 3m (5.9x AVG) 🟢 ACCUMULATION
════════════════════════════════════════════════════
🟩 TOP 5 BULLISH LEADERS (45 GREEN)
────────────────────────────────────────────────────
SOUN          │ $   7.84 🟢 +20.5% │ 
SHOP          │ $ 144.63 🟢 +17.3% │ 
GOLD_MINERS   │ $  84.71 🟢  +8.7% │ 
IAUX          │ $   1.51 🟢  +7.9% │ 
SILVER_ETF    │ $  84.57 🟢  +7.6% │ 
────────────────────────────────────────────────────
🟥 TOP 5 BEARISH LEADERS (61 RED)
────────────────────────────────────────────────────
SNDK          │ $1243.00 🔴 -12.9% │ 
FIG           │ $  23.84 🔴 -12.1% │ 
AMD           │ $ 481.20 🔴  -7.2% │ 
SOLAR_ETF     │ $  50.75 🔴  -4.9% │ 
ELF           │ $  83.72 🔴  -4.7% │ 
════════════════════════════════════════════════════
M82 TERMINAL ENGINE • v4.4.2 MONOSPACE MASTER | Latency: ~9.5s | 05/08/2026 23:43 VET

🏛️ MOLINA HOLDINGS — INSTITUTIONAL MATRIX v4.4.2
⏱️ 05/08/2026 23:44 VET | 🌙 POST-MARKET & ASIA STANDBY (300s)
🏛️ POLICY: FED RATE 5.25% │ CPI YoY 3.0%
🌐 MACRO: DXY 99.71 (+0.0%) │ US10Y 4.62% │ VIX 15.82
🌏 ASIA FX: USD/JPY 157.74 (+0.04%) │ USD/CNH 6.7480 (+0.02%)
────────────────────────────────────────────────────
⚡ CONTINUOUS DERIVATIVES & FUTURES (GLOBEX / CME):
EQTY │ ES    7760.75 🟢 +0.15% │ NQ   29538.50 🔴 -0.26%
     │ YM   54597.00 🟢 +0.19% │ RTY   3027.50 🟢 +0.07%
ENRG │ WTI     75.02 🔴 -0.27% │ NG       2.68 🔴 -0.41%
     │ RB       2.82 🔴 -0.70%
METL │ GOLD  4324.70 🟢 +0.45% │ SILV    62.21 🔴 -0.13%
     │ HG       6.72 🔴 -0.18%
AGRI │ CORN   460.25 🟢 +0.05% │ SOYB  1174.50 🔴 -0.02%
     │ WEAT   640.25 🔴 -0.31%
────────────────────────────────────────────────────
🐋 INSTITUTIONAL WHALE VOLUME SPIKES (3m Window):
• ⚡ WHALE SPIKE: NASDAQ100 2905K in 3m (5.9x AVG) 🟢 ACCUMULATION
════════════════════════════════════════════════════
🟩 TOP 5 BULLISH LEADERS (45 GREEN)
────────────────────────────────────────────────────
SOUN          │ $   7.84 🟢 +20.5% │ 
SHOP          │ $ 144.63 🟢 +17.3% │ 
GOLD_MINERS   │ $  84.71 🟢  +8.7% │ 
IAUX          │ $   1.51 🟢  +7.9% │ 
SILVER_ETF    │ $  84.57 🟢  +7.6% │ 
────────────────────────────────────────────────────
🟥 TOP 5 BEARISH LEADERS (61 RED)
────────────────────────────────────────────────────
SNDK          │ $1243.00 🔴 -12.9% │ 
FIG           │ $  23.84 🔴 -12.1% │ 
AMD           │ $ 481.20 🔴  -7.2% │ 
SOLAR_ETF     │ $  50.75 🔴  -4.9% │ 
ELF           │ $  83.72 🔴  -4.7% │ 
════════════════════════════════════════════════════
M82 TERMINAL ENGINE • v4.4.2 MONOSPACE MASTER | Latency: ~6.8s | 05/08/2026 23:44 VET

🏛️ MOLINA HOLDINGS — INSTITUTIONAL MATRIX v4.4.2
⏱️ 06/08/2026 10:22 VET | ⚡ POWER OPEN ENGINE (45s)
🏛️ POLICY: FED RATE 5.25% │ CPI YoY 3.0%
🌐 MACRO: DXY 99.83 (+0.2%) │ US10Y 4.64% │ VIX 15.58
🌏 ASIA FX: USD/JPY 158.18 (+0.32%) │ USD/CNH 6.7476 (+0.02%)
────────────────────────────────────────────────────
⚡ CONTINUOUS DERIVATIVES & FUTURES (GLOBEX / CME):
EQTY │ ES    7766.25 🟢 +0.22% │ NQ   29608.75 🔴 -0.02%
     │ YM   54453.00 🔴 -0.08% │ RTY   3037.30 🟢 +0.39%
ENRG │ WTI     76.17 🟢 +1.26% │ NG       2.64 🔴 -1.79%
     │ RB       2.66 🟢 +2.42%
METL │ GOLD  4331.90 🟢 +0.62% │ SILV    61.96 🔴 -0.53%
     │ HG       6.74 🟢 +0.26%
AGRI │ CORN   459.25 🔴 -0.16% │ SOYB  1174.00 🔴 -0.06%
     │ WEAT   637.75 🔴 -0.70%
────────────────────────────────────────────────────
🐋 INSTITUTIONAL WHALE VOLUME SPIKES (3m Window):
• ⚡ WHALE SPIKE: KOSPI 564K in 3m (518.6x AVG) 🟢 ACCUMULATION
════════════════════════════════════════════════════
🟩 TOP 5 BULLISH LEADERS (68 GREEN)
────────────────────────────────────────────────────
SOUN          │ $   7.36 🟢 +14.5% │ 
ELF           │ $  94.59 🟢  +9.5% │ 
ARM           │ $ 293.49 🟢  +6.9% │ 
VECO          │ $  54.77 🟢  +3.4% │ 
CRGY          │ $  11.28 🟢  +2.7% │ 
────────────────────────────────────────────────────
🟥 TOP 5 BEARISH LEADERS (38 RED)
────────────────────────────────────────────────────
FIG           │ $  23.17 🔴 -17.7% │ 
AXON          │ $ 575.48 🔴  -5.6% │ 
SNDK          │ $1284.45 🔴  -4.9% │ 
KOSPI         │   6296.38 🔴  -4.6% │ 
PANW          │ $ 355.40 🔴  -2.0% │ 
════════════════════════════════════════════════════
M82 TERMINAL ENGINE • v4.4.2 MONOSPACE MASTER | Latency: ~4.8s | 06/08/2026 10:22 VET

🏛️ MOLINA HOLDINGS — INSTITUTIONAL MATRIX v4.4.2
⏱️ 06/08/2026 10:38 VET | ⚡ POWER OPEN ENGINE (45s)
🏛️ POLICY: FED RATE 5.25% │ CPI YoY 3.0%
🌐 MACRO: DXY 99.84 (+0.2%) │ US10Y 4.64% │ VIX 15.53
🌏 ASIA FX: USD/JPY 158.18 (+0.32%) │ USD/CNH 6.7475 (+0.02%)
────────────────────────────────────────────────────
⚡ CONTINUOUS DERIVATIVES & FUTURES (GLOBEX / CME):
EQTY │ ES    7753.25 🟢 +0.05% │ NQ   29589.75 🔴 -0.09%
     │ YM   54361.00 🔴 -0.24% │ RTY   3037.10 🟢 +0.39%
ENRG │ WTI     76.40 🟢 +1.57% │ NG       2.65 🔴 -1.49%
     │ RB       2.67 🟢 +2.67%
METL │ GOLD  4325.50 🟢 +0.47% │ SILV    61.77 🔴 -0.83%
     │ HG       6.73 🟢 +0.10%
AGRI │ CORN   459.25 🔴 -0.16% │ SOYB  1174.25 🔴 -0.04%
     │ WEAT   637.75 🔴 -0.70%
────────────────────────────────────────────────────
🐋 INSTITUTIONAL WHALE VOLUME SPIKES (3m Window):
• ⚡ WHALE SPIKE: KOSPI 564K in 3m (518.6x AVG) 🟢 ACCUMULATION
════════════════════════════════════════════════════
🟩 TOP 5 BULLISH LEADERS (62 GREEN)
────────────────────────────────────────────────────
SOUN          │ $   7.30 🟢 +13.6% │ 
ELF           │ $  94.70 🟢  +9.6% │ 
ARM           │ $ 290.41 🟢  +5.8% │ 
CRGY          │ $  11.28 🟢  +2.8% │ 
OIL_SERVICES  │ $ 395.35 🟢  +2.7% │ 
────────────────────────────────────────────────────
🟥 TOP 5 BEARISH LEADERS (44 RED)
────────────────────────────────────────────────────
FIG           │ $  23.37 🔴 -17.0% │ 
SNDK          │ $1257.85 🔴  -6.9% │ 
AXON          │ $ 569.72 🔴  -6.5% │ 
KOSPI         │   6296.38 🔴  -4.6% │ 
MARA          │ $  11.03 🔴  -1.8% │ 
════════════════════════════════════════════════════
M82 TERMINAL ENGINE • v4.4.2 MONOSPACE MASTER | Latency: ~5.5s | 06/08/2026 10:38 VET

./M82_RUNNER.sh: line 9: 31748 Killed                     python3 m82_institutional_matrix.py
🏛️ MOLINA HOLDINGS — INSTITUTIONAL MATRIX v4.4.2
⏱️ 06/08/2026 10:39 VET | ⚡ POWER OPEN ENGINE (45s)
🏛️ POLICY: FED RATE 5.25% │ CPI YoY 3.0%
🌐 MACRO: DXY 99.83 (+0.2%) │ US10Y 4.64% │ VIX 15.52
🌏 ASIA FX: USD/JPY 158.18 (+0.32%) │ USD/CNH 6.7476 (+0.02%)
────────────────────────────────────────────────────
⚡ CONTINUOUS DERIVATIVES & FUTURES (GLOBEX / CME):
EQTY │ ES    7751.00 🟢 +0.02% │ NQ   29569.50 🔴 -0.15%
     │ YM   54361.00 🔴 -0.24% │ RTY   3035.80 🟢 +0.34%
ENRG │ WTI     76.39 🟢 +1.56% │ NG       2.64 🔴 -1.67%
     │ RB       2.67 🟢 +2.64%
METL │ GOLD  4326.50 🟢 +0.49% │ SILV    61.81 🔴 -0.77%
     │ HG       6.74 🟢 +0.15%
AGRI │ CORN   459.25 🔴 -0.16% │ SOYB  1173.75 🔴 -0.09%
     │ WEAT   637.75 🔴 -0.70%
────────────────────────────────────────────────────
🐋 INSTITUTIONAL WHALE VOLUME SPIKES (3m Window):
• ⚡ WHALE SPIKE: KOSPI 564K in 3m (518.6x AVG) 🟢 ACCUMULATION
════════════════════════════════════════════════════
🟩 TOP 5 BULLISH LEADERS (61 GREEN)
────────────────────────────────────────────────────
SOUN          │ $   7.32 🟢 +13.9% │ 
ELF           │ $  94.84 🟢  +9.8% │ 
ARM           │ $ 289.84 🟢  +5.6% │ 
CRGY          │ $  11.31 🟢  +3.0% │ 
OIL_SERVICES  │ $ 395.35 🟢  +2.7% │ 
────────────────────────────────────────────────────
🟥 TOP 5 BEARISH LEADERS (45 RED)
────────────────────────────────────────────────────
FIG           │ $  23.39 🔴 -16.9% │ 
SNDK          │ $1254.02 🔴  -7.1% │ 
AXON          │ $ 566.59 🔴  -7.0% │ 
KOSPI         │   6296.38 🔴  -4.6% │ 
MARA          │ $  11.01 🔴  -2.0% │ 
════════════════════════════════════════════════════
M82 TERMINAL ENGINE • v4.4.2 MONOSPACE MASTER | Latency: ~5.7s | 06/08/2026 10:39 VET

🏛️ MOLINA HOLDINGS — INSTITUTIONAL MATRIX v4.4.2
⏱️ 06/08/2026 10:41 VET | ⚡ POWER OPEN ENGINE (45s)
🏛️ POLICY: FED RATE 5.25% │ CPI YoY 3.0%
🌐 MACRO: DXY 99.83 (+0.2%) │ US10Y 4.64% │ VIX 15.54
🌏 ASIA FX: USD/JPY 158.20 (+0.33%) │ USD/CNH 6.7477 (+0.02%)
────────────────────────────────────────────────────
⚡ CONTINUOUS DERIVATIVES & FUTURES (GLOBEX / CME):
EQTY │ ES    7754.00 🟢 +0.06% │ NQ   29586.00 🔴 -0.10%
     │ YM   54417.00 🔴 -0.14% │ RTY   3039.00 🟢 +0.45%
ENRG │ WTI     76.24 🟢 +1.36% │ NG       2.63 🔴 -2.27%
     │ RB       2.66 🟢 +2.37%
METL │ GOLD  4328.00 🟢 +0.53% │ SILV    61.85 🔴 -0.70%
     │ HG       6.74 🟢 +0.25%
AGRI │ CORN   459.00 🔴 -0.22% │ SOYB  1173.75 🔴 -0.09%
     │ WEAT   636.50 🔴 -0.90%
────────────────────────────────────────────────────
🐋 INSTITUTIONAL WHALE VOLUME SPIKES (3m Window):
• ⚡ WHALE SPIKE: KOSPI 564K in 3m (518.6x AVG) 🟢 ACCUMULATION
════════════════════════════════════════════════════
🟩 TOP 5 BULLISH LEADERS (61 GREEN)
────────────────────────────────────────────────────
SOUN          │ $   7.32 🟢 +13.8% │ 
ELF           │ $  95.10 🟢 +10.1% │ 
ARM           │ $ 289.50 🟢  +5.4% │ 
CRGY          │ $  11.30 🟢  +2.9% │ 
OIL_SERVICES  │ $ 394.73 🟢  +2.5% │ 
────────────────────────────────────────────────────
🟥 TOP 5 BEARISH LEADERS (45 RED)
────────────────────────────────────────────────────
FIG           │ $  23.36 🔴 -17.0% │ 
SNDK          │ $1257.16 🔴  -6.9% │ 
AXON          │ $ 567.60 🔴  -6.9% │ 
KOSPI         │   6296.38 🔴  -4.6% │ 
MARA          │ $  11.02 🔴  -2.0% │ 
════════════════════════════════════════════════════
M82 TERMINAL ENGINE • v4.4.2 MONOSPACE MASTER | Latency: ~5.8s | 06/08/2026 10:41 VET

🏛️ MOLINA HOLDINGS — INSTITUTIONAL MATRIX v4.4.2
⏱️ 06/08/2026 10:42 VET | ⚡ POWER OPEN ENGINE (45s)
🏛️ POLICY: FED RATE 5.25% │ CPI YoY 3.0%
🌐 MACRO: DXY 99.84 (+0.2%) │ US10Y 4.64% │ VIX 15.57
🌏 ASIA FX: USD/JPY 158.19 (+0.32%) │ USD/CNH 6.7477 (+0.02%)
────────────────────────────────────────────────────
⚡ CONTINUOUS DERIVATIVES & FUTURES (GLOBEX / CME):
EQTY │ ES    7753.50 🟢 +0.05% │ NQ   29598.00 🔴 -0.06%
     │ YM   54378.00 🔴 -0.21% │ RTY   3037.10 🟢 +0.39%
ENRG │ WTI     76.24 🟢 +1.36% │ NG       2.63 🔴 -2.31%
     │ RB       2.66 🟢 +2.27%
METL │ GOLD  4326.20 🟢 +0.49% │ SILV    61.80 🔴 -0.78%
     │ HG       6.74 🟢 +0.12%
AGRI │ CORN   459.25 🔴 -0.16% │ SOYB  1174.75 🟢 +0.00%
     │ WEAT   637.00 🔴 -0.82%
────────────────────────────────────────────────────
🐋 INSTITUTIONAL WHALE VOLUME SPIKES (3m Window):
• ⚡ WHALE SPIKE: KOSPI 564K in 3m (518.6x AVG) 🟢 ACCUMULATION
════════════════════════════════════════════════════
🟩 TOP 5 BULLISH LEADERS (65 GREEN)
────────────────────────────────────────────────────
SOUN          │ $   7.31 🟢 +13.7% │ 
ELF           │ $  94.69 🟢  +9.6% │ 
ARM           │ $ 290.60 🟢  +5.8% │ 
CRGY          │ $  11.30 🟢  +2.9% │ 
OIL_SERVICES  │ $ 395.15 🟢  +2.6% │ 
────────────────────────────────────────────────────
🟥 TOP 5 BEARISH LEADERS (41 RED)
────────────────────────────────────────────────────
FIG           │ $  23.36 🔴 -17.0% │ 
AXON          │ $ 568.46 🔴  -6.7% │ 
SNDK          │ $1262.97 🔴  -6.5% │ 
KOSPI         │   6296.38 🔴  -4.6% │ 
MARA          │ $  11.04 🔴  -1.8% │ 
════════════════════════════════════════════════════
M82 TERMINAL ENGINE • v4.4.2 MONOSPACE MASTER | Latency: ~5.1s | 06/08/2026 10:42 VET

🏛️ MOLINA HOLDINGS — INSTITUTIONAL MATRIX v4.4.2
⏱️ 06/08/2026 10:43 VET | ⚡ POWER OPEN ENGINE (45s)
🏛️ POLICY: FED RATE 5.25% │ CPI YoY 3.0%
🌐 MACRO: DXY 99.83 (+0.2%) │ US10Y 4.64% │ VIX 15.55
🌏 ASIA FX: USD/JPY 158.19 (+0.32%) │ USD/CNH 6.7476 (+0.02%)
────────────────────────────────────────────────────
⚡ CONTINUOUS DERIVATIVES & FUTURES (GLOBEX / CME):
EQTY │ ES    7753.75 🟢 +0.05% │ NQ   29615.00 🟢 +0.00%
     │ YM   54372.00 🔴 -0.22% │ RTY   3038.50 🟢 +0.43%
ENRG │ WTI     76.28 🟢 +1.41% │ NG       2.63 🔴 -2.23%
     │ RB       2.66 🟢 +2.31%
METL │ GOLD  4327.30 🟢 +0.51% │ SILV    61.82 🔴 -0.75%
     │ HG       6.74 🟢 +0.12%
AGRI │ CORN   459.50 🔴 -0.11% │ SOYB  1175.25 🟢 +0.04%
     │ WEAT   637.25 🔴 -0.78%
────────────────────────────────────────────────────
🐋 INSTITUTIONAL WHALE VOLUME SPIKES (3m Window):
• ⚡ WHALE SPIKE: KOSPI 564K in 3m (518.6x AVG) 🟢 ACCUMULATION
════════════════════════════════════════════════════
🟩 TOP 5 BULLISH LEADERS (68 GREEN)
────────────────────────────────────────────────────
SOUN          │ $   7.32 🟢 +13.8% │ 
ELF           │ $  94.54 🟢  +9.5% │ 
ARM           │ $ 290.28 🟢  +5.7% │ 
CRGY          │ $  11.27 🟢  +2.7% │ 
OIL_SERVICES  │ $ 395.15 🟢  +2.6% │ 
────────────────────────────────────────────────────
🟥 TOP 5 BEARISH LEADERS (38 RED)
────────────────────────────────────────────────────
FIG           │ $  23.45 🔴 -16.7% │ 
AXON          │ $ 570.24 🔴  -6.4% │ 
SNDK          │ $1266.24 🔴  -6.2% │ 
KOSPI         │   6296.38 🔴  -4.6% │ 
UNH           │ $ 405.80 🔴  -1.7% │ 
════════════════════════════════════════════════════
M82 TERMINAL ENGINE • v4.4.2 MONOSPACE MASTER | Latency: ~5.4s | 06/08/2026 10:43 VET

🏛️ MOLINA HOLDINGS — INSTITUTIONAL MATRIX v4.4.2
⏱️ 06/08/2026 10:45 VET | ⚡ POWER OPEN ENGINE (45s)
🏛️ POLICY: FED RATE 5.25% │ CPI YoY 3.0%
🌐 MACRO: DXY 99.83 (+0.2%) │ US10Y 4.64% │ VIX 15.54
🌏 ASIA FX: USD/JPY 158.21 (+0.34%) │ USD/CNH 6.7471 (+0.01%)
────────────────────────────────────────────────────
⚡ CONTINUOUS DERIVATIVES & FUTURES (GLOBEX / CME):
EQTY │ ES    7758.00 🟢 +0.11% │ NQ   29635.00 🟢 +0.07%
     │ YM   54368.00 🔴 -0.23% │ RTY   3038.90 🟢 +0.45%
ENRG │ WTI     76.37 🟢 +1.53% │ NG       2.62 🔴 -2.42%
     │ RB       2.66 🟢 +2.40%
METL │ GOLD  4332.80 🟢 +0.64% │ SILV    61.94 🔴 -0.55%
     │ HG       6.75 🟢 +0.30%
AGRI │ CORN   459.25 🔴 -0.16% │ SOYB  1175.00 🟢 +0.02%
     │ WEAT   636.25 🔴 -0.93%
────────────────────────────────────────────────────
🐋 INSTITUTIONAL WHALE VOLUME SPIKES (3m Window):
• ⚡ WHALE SPIKE: KOSPI 564K in 3m (518.6x AVG) 🟢 ACCUMULATION
════════════════════════════════════════════════════
🟩 TOP 5 BULLISH LEADERS (58 GREEN)
────────────────────────────────────────────────────
SOUN          │ $   7.28 🟢 +13.2% │ 
ELF           │ $  95.07 🟢 +10.1% │ 
ARM           │ $ 287.59 🟢  +4.7% │ 
CRGY          │ $  11.30 🟢  +2.9% │ 
OIL_SERVICES  │ $ 394.83 🟢  +2.5% │ 
────────────────────────────────────────────────────
🟥 TOP 5 BEARISH LEADERS (48 RED)
────────────────────────────────────────────────────
FIG           │ $  23.51 🔴 -16.5% │ 
AXON          │ $ 567.72 🔴  -6.9% │ 
SNDK          │ $1259.62 🔴  -6.7% │ 
KOSPI         │   6296.38 🔴  -4.6% │ 
MARA          │ $  11.01 🔴  -2.1% │ 
════════════════════════════════════════════════════
M82 TERMINAL ENGINE • v4.4.2 MONOSPACE MASTER | Latency: ~4.5s | 06/08/2026 10:45 VET

🏛️ MOLINA HOLDINGS — INSTITUTIONAL MATRIX v4.4.2
⏱️ 06/08/2026 10:46 VET | ⚡ POWER OPEN ENGINE (45s)
🏛️ POLICY: FED RATE 5.25% │ CPI YoY 3.0%
🌐 MACRO: DXY 99.83 (+0.2%) │ US10Y 4.64% │ VIX 15.56
🌏 ASIA FX: USD/JPY 158.20 (+0.33%) │ USD/CNH 6.7477 (+0.02%)
────────────────────────────────────────────────────
⚡ CONTINUOUS DERIVATIVES & FUTURES (GLOBEX / CME):
EQTY │ ES    7756.25 🟢 +0.09% │ NQ   29628.00 🟢 +0.04%
     │ YM   54361.00 🔴 -0.24% │ RTY   3038.70 🟢 +0.44%
ENRG │ WTI     76.43 🟢 +1.61% │ NG       2.62 🔴 -2.46%
     │ RB       2.67 🟢 +2.58%
METL │ GOLD  4331.60 🟢 +0.61% │ SILV    61.94 🔴 -0.57%
     │ HG       6.75 🟢 +0.31%
AGRI │ CORN   459.00 🔴 -0.22% │ SOYB  1175.25 🟢 +0.04%
     │ WEAT   636.00 🔴 -0.97%
────────────────────────────────────────────────────
🐋 INSTITUTIONAL WHALE VOLUME SPIKES (3m Window):
• ⚡ WHALE SPIKE: KOSPI 564K in 3m (518.6x AVG) 🟢 ACCUMULATION
════════════════════════════════════════════════════
🟩 TOP 5 BULLISH LEADERS (58 GREEN)
────────────────────────────────────────────────────
SOUN          │ $   7.21 🟢 +12.1% │ 
ELF           │ $  94.88 🟢  +9.9% │ 
ARM           │ $ 286.73 🟢  +4.4% │ 
CRGY          │ $  11.31 🟢  +3.0% │ 
OIL_SERVICES  │ $ 394.03 🟢  +2.3% │ 
────────────────────────────────────────────────────
🟥 TOP 5 BEARISH LEADERS (48 RED)
────────────────────────────────────────────────────
FIG           │ $  23.42 🔴 -16.8% │ 
AXON          │ $ 564.41 🔴  -7.4% │ 
SNDK          │ $1255.50 🔴  -7.0% │ 
KOSPI         │   6296.38 🔴  -4.6% │ 
MARA          │ $  10.98 🔴  -2.4% │ 
════════════════════════════════════════════════════
M82 TERMINAL ENGINE • v4.4.2 MONOSPACE MASTER | Latency: ~5.6s | 06/08/2026 10:46 VET

./M82_RUNNER.sh: line 9: 30085 Killed                     python3 m82_institutional_matrix.py
🏛️ MOLINA HOLDINGS — INSTITUTIONAL MATRIX v4.4.2
⏱️ 06/08/2026 10:47 VET | ⚡ POWER OPEN ENGINE (45s)
🏛️ POLICY: FED RATE 5.25% │ CPI YoY 3.0%
🌐 MACRO: DXY 99.83 (+0.2%) │ US10Y 4.64% │ VIX 15.57
🌏 ASIA FX: USD/JPY 158.20 (+0.33%) │ USD/CNH 6.7476 (+0.02%)
────────────────────────────────────────────────────
⚡ CONTINUOUS DERIVATIVES & FUTURES (GLOBEX / CME):
EQTY │ ES    7752.75 🟢 +0.04% │ NQ   29598.50 🔴 -0.06%
     │ YM   54363.00 🔴 -0.24% │ RTY   3037.10 🟢 +0.39%
ENRG │ WTI     76.44 🟢 +1.62% │ NG       2.62 🔴 -2.42%
     │ RB       2.66 🟢 +2.48%
METL │ GOLD  4331.60 🟢 +0.61% │ SILV    61.94 🔴 -0.57%
     │ HG       6.75 🟢 +0.33%
AGRI │ CORN   459.25 🔴 -0.16% │ SOYB  1175.25 🟢 +0.04%
     │ WEAT   636.00 🔴 -0.97%
────────────────────────────────────────────────────
🐋 INSTITUTIONAL WHALE VOLUME SPIKES (3m Window):
• ⚡ WHALE SPIKE: KOSPI 564K in 3m (518.6x AVG) 🟢 ACCUMULATION
════════════════════════════════════════════════════
🟩 TOP 5 BULLISH LEADERS (57 GREEN)
────────────────────────────────────────────────────
SOUN          │ $   7.16 🟢 +11.4% │ 
ELF           │ $  94.67 🟢  +9.6% │ 
ARM           │ $ 287.90 🟢  +4.9% │ 
CRGY          │ $  11.31 🟢  +3.0% │ 
OIL_SERVICES  │ $ 394.80 🟢  +2.5% │ 
────────────────────────────────────────────────────
🟥 TOP 5 BEARISH LEADERS (49 RED)
────────────────────────────────────────────────────
FIG           │ $  23.29 🔴 -17.3% │ 
AXON          │ $ 563.71 🔴  -7.5% │ 
SNDK          │ $1260.00 🔴  -6.7% │ 
KOSPI         │   6296.38 🔴  -4.6% │ 
MARA          │ $  10.99 🔴  -2.2% │ 
════════════════════════════════════════════════════
M82 TERMINAL ENGINE • v4.4.2 MONOSPACE MASTER | Latency: ~5.0s | 06/08/2026 10:47 VET

🏛️ MOLINA HOLDINGS — INSTITUTIONAL MATRIX v4.4.2
⏱️ 06/08/2026 10:50 VET | ⚡ POWER OPEN ENGINE (45s)
🏛️ POLICY: FED RATE 5.25% │ CPI YoY 3.0%
🌐 MACRO: DXY 99.84 (+0.2%) │ US10Y 4.64% │ VIX 15.55
🌏 ASIA FX: USD/JPY 158.25 (+0.37%) │ USD/CNH 6.7481 (+0.02%)
────────────────────────────────────────────────────
⚡ CONTINUOUS DERIVATIVES & FUTURES (GLOBEX / CME):
EQTY │ ES    7750.00 🟢 +0.01% │ NQ   29574.00 🔴 -0.14%
     │ YM   54365.00 🔴 -0.24% │ RTY   3037.10 🟢 +0.39%
ENRG │ WTI     76.47 🟢 +1.66% │ NG       2.62 🔴 -2.34%
     │ RB       2.66 🟢 +2.48%
METL │ GOLD  4330.40 🟢 +0.59% │ SILV    61.92 🔴 -0.60%
     │ HG       6.76 🟢 +0.41%
AGRI │ CORN   459.25 🔴 -0.16% │ SOYB  1175.75 🟢 +0.09%
     │ WEAT   636.00 🔴 -0.97%
────────────────────────────────────────────────────
🐋 INSTITUTIONAL WHALE VOLUME SPIKES (3m Window):
• ⚡ WHALE SPIKE: KOSPI 564K in 3m (518.6x AVG) 🟢 ACCUMULATION
════════════════════════════════════════════════════
🟩 TOP 5 BULLISH LEADERS (59 GREEN)
────────────────────────────────────────────────────
SOUN          │ $   7.23 🟢 +12.4% │ 
ELF           │ $  94.17 🟢  +9.0% │ 
ARM           │ $ 289.39 🟢  +5.4% │ 
CRGY          │ $  11.27 🟢  +2.6% │ 
OIL_SERVICES  │ $ 394.83 🟢  +2.5% │ 
────────────────────────────────────────────────────
🟥 TOP 5 BEARISH LEADERS (47 RED)
────────────────────────────────────────────────────
FIG           │ $  23.24 🔴 -17.5% │ 
AXON          │ $ 561.97 🔴  -7.8% │ 
SNDK          │ $1272.00 🔴  -5.8% │ 
KOSPI         │   6296.38 🔴  -4.6% │ 
MARA          │ $  11.02 🔴  -2.0% │ 
════════════════════════════════════════════════════
M82 TERMINAL ENGINE • v4.4.2 MONOSPACE MASTER | Latency: ~5.2s | 06/08/2026 10:50 VET

🏛️ MOLINA HOLDINGS — INSTITUTIONAL MATRIX v4.4.2
⏱️ 06/08/2026 10:51 VET | ⚡ POWER OPEN ENGINE (45s)
🏛️ POLICY: FED RATE 5.25% │ CPI YoY 3.0%
🌐 MACRO: DXY 99.84 (+0.2%) │ US10Y 4.64% │ VIX 15.56
🌏 ASIA FX: USD/JPY 158.25 (+0.37%) │ USD/CNH 6.7481 (+0.02%)
────────────────────────────────────────────────────
⚡ CONTINUOUS DERIVATIVES & FUTURES (GLOBEX / CME):
EQTY │ ES    7750.50 🟢 +0.01% │ NQ   29575.50 🔴 -0.13%
     │ YM   54361.00 🔴 -0.24% │ RTY   3035.30 🟢 +0.33%
ENRG │ WTI     76.39 🟢 +1.56% │ NG       2.62 🔴 -2.42%
     │ RB       2.66 🟢 +2.38%
METL │ GOLD  4332.30 🟢 +0.63% │ SILV    61.96 🔴 -0.53%
     │ HG       6.76 🟢 +0.45%
AGRI │ CORN   459.00 🔴 -0.22% │ SOYB  1175.75 🟢 +0.09%
     │ WEAT   635.75 🔴 -1.01%
────────────────────────────────────────────────────
🐋 INSTITUTIONAL WHALE VOLUME SPIKES (3m Window):
• ⚡ WHALE SPIKE: KOSPI 564K in 3m (518.6x AVG) 🟢 ACCUMULATION
════════════════════════════════════════════════════
🟩 TOP 5 BULLISH LEADERS (59 GREEN)
────────────────────────────────────────────────────
SOUN          │ $   7.19 🟢 +11.8% │ 
ELF           │ $  94.14 🟢  +9.0% │ 
ARM           │ $ 289.14 🟢  +5.3% │ 
CRGY          │ $  11.28 🟢  +2.8% │ 
OIL_SERVICES  │ $ 394.83 🟢  +2.5% │ 
────────────────────────────────────────────────────
🟥 TOP 5 BEARISH LEADERS (47 RED)
────────────────────────────────────────────────────
FIG           │ $  23.07 🔴 -18.1% │ 
AXON          │ $ 561.80 🔴  -7.8% │ 
SNDK          │ $1273.61 🔴  -5.7% │ 
KOSPI         │   6296.38 🔴  -4.6% │ 
MARA          │ $  11.01 🔴  -2.1% │ 
════════════════════════════════════════════════════
M82 TERMINAL ENGINE • v4.4.2 MONOSPACE MASTER | Latency: ~4.9s | 06/08/2026 10:51 VET

🏛️ MOLINA HOLDINGS — INSTITUTIONAL MATRIX v4.4.2
⏱️ 06/08/2026 10:52 VET | ⚡ POWER OPEN ENGINE (45s)
🏛️ POLICY: FED RATE 5.25% │ CPI YoY 3.0%
🌐 MACRO: DXY 99.84 (+0.2%) │ US10Y 4.64% │ VIX 15.59
🌏 ASIA FX: USD/JPY 158.24 (+0.36%) │ USD/CNH 6.7474 (+0.01%)
────────────────────────────────────────────────────
⚡ CONTINUOUS DERIVATIVES & FUTURES (GLOBEX / CME):
EQTY │ ES    7753.25 🟢 +0.05% │ NQ   29597.75 🔴 -0.06%
     │ YM   54372.00 🔴 -0.22% │ RTY   3037.10 🟢 +0.39%
ENRG │ WTI     76.35 🟢 +1.50% │ NG       2.62 🔴 -2.38%
     │ RB       2.66 🟢 +2.46%
METL │ GOLD  4331.90 🟢 +0.62% │ SILV    61.96 🔴 -0.53%
     │ HG       6.76 🟢 +0.43%
AGRI │ CORN   459.00 🔴 -0.22% │ SOYB  1176.00 🟢 +0.11%
     │ WEAT   635.25 🔴 -1.09%
────────────────────────────────────────────────────
🐋 INSTITUTIONAL WHALE VOLUME SPIKES (3m Window):
• ⚡ WHALE SPIKE: KOSPI 564K in 3m (518.6x AVG) 🟢 ACCUMULATION
• ⚡ WHALE SPIKE: OIL_GAS_EP 159K in 3m (6.0x AVG) 🟢 ACCUMULATION
════════════════════════════════════════════════════
🟩 TOP 5 BULLISH LEADERS (58 GREEN)
────────────────────────────────────────────────────
SOUN          │ $   7.20 🟢 +12.0% │ 
ELF           │ $  94.42 🟢  +9.3% │ 
ARM           │ $ 288.00 🟢  +4.9% │ 
CRGY          │ $  11.28 🟢  +2.7% │ 
TELEFONICA    │ $   3.70 🟢  +2.4% │ 
────────────────────────────────────────────────────
🟥 TOP 5 BEARISH LEADERS (48 RED)
────────────────────────────────────────────────────
FIG           │ $  23.05 🔴 -18.1% │ 
AXON          │ $ 561.35 🔴  -7.9% │ 
SNDK          │ $1271.10 🔴  -5.9% │ 
KOSPI         │   6296.38 🔴  -4.6% │ 
MARA          │ $  10.98 🔴  -2.3% │ 
════════════════════════════════════════════════════
M82 TERMINAL ENGINE • v4.4.2 MONOSPACE MASTER | Latency: ~4.4s | 06/08/2026 10:52 VET

🏛️ MOLINA HOLDINGS — INSTITUTIONAL MATRIX v4.4.2
⏱️ 06/08/2026 10:55 VET | ⚡ POWER OPEN ENGINE (45s)
🏛️ POLICY: FED RATE 5.25% │ CPI YoY 3.0%
🌐 MACRO: DXY 99.83 (+0.2%) │ US10Y 4.64% │ VIX 15.57
🌏 ASIA FX: USD/JPY 158.22 (+0.35%) │ USD/CNH 6.7478 (+0.02%)
────────────────────────────────────────────────────
⚡ CONTINUOUS DERIVATIVES & FUTURES (GLOBEX / CME):
EQTY │ ES    7748.50 🔴 -0.01% │ NQ   29551.25 🔴 -0.22%
     │ YM   54350.00 🔴 -0.26% │ RTY   3033.40 🟢 +0.26%
ENRG │ WTI     76.50 🟢 +1.70% │ NG       2.62 🔴 -2.42%
     │ RB       2.67 🟢 +2.54%
METL │ GOLD  4331.00 🟢 +0.60% │ SILV    61.94 🔴 -0.57%
     │ HG       6.75 🟢 +0.35%
AGRI │ CORN   459.50 🔴 -0.11% │ SOYB  1176.75 🟢 +0.17%
     │ WEAT   635.75 🔴 -1.01%
────────────────────────────────────────────────────
🐋 INSTITUTIONAL WHALE VOLUME SPIKES (3m Window):
• ⚡ WHALE SPIKE: KOSPI 564K in 3m (518.6x AVG) 🟢 ACCUMULATION
════════════════════════════════════════════════════
🟩 TOP 5 BULLISH LEADERS (63 GREEN)
────────────────────────────────────────────────────
SOUN          │ $   7.28 🟢 +13.2% │ 
ELF           │ $  94.75 🟢  +9.7% │ 
ARM           │ $ 288.98 🟢  +5.2% │ 
VECO          │ $  54.28 🟢  +2.5% │ 
TELEFONICA    │ $   3.70 🟢  +2.4% │ 
────────────────────────────────────────────────────
🟥 TOP 5 BEARISH LEADERS (43 RED)
────────────────────────────────────────────────────
FIG           │ $  23.07 🔴 -18.1% │ 
AXON          │ $ 561.95 🔴  -7.8% │ 
SNDK          │ $1274.06 🔴  -5.7% │ 
KOSPI         │   6296.38 🔴  -4.6% │ 
UNH           │ $ 405.04 🔴  -1.9% │ 
════════════════════════════════════════════════════
M82 TERMINAL ENGINE • v4.4.2 MONOSPACE MASTER | Latency: ~4.7s | 06/08/2026 10:55 VET

🏛️ MOLINA HOLDINGS — INSTITUTIONAL MATRIX v4.4.2
⏱️ 06/08/2026 10:56 VET | ⚡ POWER OPEN ENGINE (45s)
🏛️ POLICY: FED RATE 5.25% │ CPI YoY 3.0%
🌐 MACRO: DXY 99.84 (+0.2%) │ US10Y 4.64% │ VIX 15.54
🌏 ASIA FX: USD/JPY 158.24 (+0.36%) │ USD/CNH 6.7480 (+0.02%)
────────────────────────────────────────────────────
⚡ CONTINUOUS DERIVATIVES & FUTURES (GLOBEX / CME):
EQTY │ ES    7750.25 🟢 +0.01% │ NQ   29556.75 🔴 -0.20%
     │ YM   54346.00 🔴 -0.27% │ RTY   3031.70 🟢 +0.21%
ENRG │ WTI     76.62 🟢 +1.86% │ NG       2.62 🔴 -2.42%
     │ RB       2.67 🟢 +2.57%
METL │ GOLD  4332.30 🟢 +0.63% │ SILV    61.97 🔴 -0.52%
     │ HG       6.75 🟢 +0.39%
AGRI │ CORN   459.50 🔴 -0.11% │ SOYB  1177.00 🟢 +0.19%
     │ WEAT   635.75 🔴 -1.01%
────────────────────────────────────────────────────
🐋 INSTITUTIONAL WHALE VOLUME SPIKES (3m Window):
• ⚡ WHALE SPIKE: KOSPI 564K in 3m (518.6x AVG) 🟢 ACCUMULATION
════════════════════════════════════════════════════
🟩 TOP 5 BULLISH LEADERS (63 GREEN)
────────────────────────────────────────────────────
SOUN          │ $   7.28 🟢 +13.1% │ 
ELF           │ $  95.07 🟢 +10.1% │ 
ARM           │ $ 289.64 🟢  +5.5% │ 
OIL_SERVICES  │ $ 394.74 🟢  +2.5% │ 
TELEFONICA    │ $   3.70 🟢  +2.5% │ 
────────────────────────────────────────────────────
🟥 TOP 5 BEARISH LEADERS (43 RED)
────────────────────────────────────────────────────
FIG           │ $  23.09 🔴 -18.0% │ 
AXON          │ $ 561.88 🔴  -7.8% │ 
SNDK          │ $1272.28 🔴  -5.8% │ 
KOSPI         │   6296.38 🔴  -4.6% │ 
UNH           │ $ 405.24 🔴  -1.8% │ 
════════════════════════════════════════════════════
M82 TERMINAL ENGINE • v4.4.2 MONOSPACE MASTER | Latency: ~5.3s | 06/08/2026 10:56 VET

🏛️ MOLINA HOLDINGS — INSTITUTIONAL MATRIX v4.4.2
⏱️ 06/08/2026 10:57 VET | ⚡ POWER OPEN ENGINE (45s)
🏛️ POLICY: FED RATE 5.25% │ CPI YoY 3.0%
🌐 MACRO: DXY 99.85 (+0.2%) │ US10Y 4.64% │ VIX 15.54
🌏 ASIA FX: USD/JPY 158.22 (+0.35%) │ USD/CNH 6.7481 (+0.02%)
────────────────────────────────────────────────────
⚡ CONTINUOUS DERIVATIVES & FUTURES (GLOBEX / CME):
EQTY │ ES    7749.00 🔴 -0.01% │ NQ   29552.00 🔴 -0.21%
     │ YM   54339.00 🔴 -0.28% │ RTY   3033.40 🟢 +0.26%
ENRG │ WTI     76.59 🟢 +1.82% │ NG       2.62 🔴 -2.49%
     │ RB       2.66 🟢 +2.45%
METL │ GOLD  4329.00 🟢 +0.55% │ SILV    61.87 🔴 -0.67%
     │ HG       6.75 🟢 +0.36%
AGRI │ CORN   459.75 🔴 -0.05% │ SOYB  1176.50 🟢 +0.15%
     │ WEAT   635.50 🔴 -1.05%
────────────────────────────────────────────────────
🐋 INSTITUTIONAL WHALE VOLUME SPIKES (3m Window):
• ⚡ WHALE SPIKE: KOSPI 564K in 3m (518.6x AVG) 🟢 ACCUMULATION
════════════════════════════════════════════════════
🟩 TOP 5 BULLISH LEADERS (63 GREEN)
────────────────────────────────────────────────────
SOUN          │ $   7.28 🟢 +13.3% │ 
ELF           │ $  94.91 🟢  +9.9% │ 
ARM           │ $ 290.71 🟢  +5.9% │ 
TELEFONICA    │ $   3.71 🟢  +2.5% │ 
OIL_SERVICES  │ $ 394.74 🟢  +2.5% │ 
────────────────────────────────────────────────────
🟥 TOP 5 BEARISH LEADERS (43 RED)
────────────────────────────────────────────────────
FIG           │ $  23.35 🔴 -17.1% │ 
AXON          │ $ 562.26 🔴  -7.7% │ 
SNDK          │ $1277.38 🔴  -5.4% │ 
KOSPI         │   6296.38 🔴  -4.6% │ 
UNH           │ $ 405.19 🔴  -1.8% │ 
════════════════════════════════════════════════════
M82 TERMINAL ENGINE • v4.4.2 MONOSPACE MASTER | Latency: ~5.3s | 06/08/2026 10:57 VET

🏛️ MOLINA HOLDINGS — INSTITUTIONAL MATRIX v4.4.2
⏱️ 06/08/2026 10:58 VET | ⚡ POWER OPEN ENGINE (45s)
🏛️ POLICY: FED RATE 5.25% │ CPI YoY 3.0%
🌐 MACRO: DXY 99.86 (+0.2%) │ US10Y 4.64% │ VIX 15.52
🌏 ASIA FX: USD/JPY 158.23 (+0.35%) │ USD/CNH 6.7481 (+0.02%)
────────────────────────────────────────────────────
⚡ CONTINUOUS DERIVATIVES & FUTURES (GLOBEX / CME):
EQTY │ ES    7748.25 🔴 -0.02% │ NQ   29563.50 🔴 -0.17%
     │ YM   54321.00 🔴 -0.32% │ RTY   3032.10 🟢 +0.22%
ENRG │ WTI     76.57 🟢 +1.79% │ NG       2.62 🔴 -2.49%
     │ RB       2.67 🟢 +2.54%
METL │ GOLD  4328.20 🟢 +0.53% │ SILV    61.87 🔴 -0.68%
     │ HG       6.76 🟢 +0.45%
AGRI │ CORN   460.00 🟢 +0.00% │ SOYB  1176.50 🟢 +0.15%
     │ WEAT   635.75 🔴 -1.01%
────────────────────────────────────────────────────
🐋 INSTITUTIONAL WHALE VOLUME SPIKES (3m Window):
• ⚡ WHALE SPIKE: KOSPI 564K in 3m (518.6x AVG) 🟢 ACCUMULATION
• ⚡ WHALE SPIKE: LQD 231K in 3m (2.9x AVG) 🔴 SELLING PRESSURE
════════════════════════════════════════════════════
🟩 TOP 5 BULLISH LEADERS (65 GREEN)
────────────────────────────────────────────────────
SOUN          │ $   7.26 🟢 +13.0% │ 
ELF           │ $  94.94 🟢  +9.9% │ 
ARM           │ $ 289.57 🟢  +5.5% │ 
OIL_SERVICES  │ $ 394.96 🟢  +2.6% │ 
TELEFONICA    │ $   3.71 🟢  +2.5% │ 
────────────────────────────────────────────────────
🟥 TOP 5 BEARISH LEADERS (41 RED)
────────────────────────────────────────────────────
FIG           │ $  23.29 🔴 -17.3% │ 
AXON          │ $ 562.49 🔴  -7.7% │ 
SNDK          │ $1272.85 🔴  -5.7% │ 
KOSPI         │   6296.38 🔴  -4.6% │ 
UNH           │ $ 405.17 🔴  -1.8% │ 
════════════════════════════════════════════════════
M82 TERMINAL ENGINE • v4.4.2 MONOSPACE MASTER | Latency: ~4.8s | 06/08/2026 10:58 VET

🏛️ MOLINA HOLDINGS — INSTITUTIONAL MATRIX v4.4.2
⏱️ 06/08/2026 11:00 VET | 🌙 POST-MARKET & ASIA STANDBY (300s)
🏛️ POLICY: FED RATE 5.25% │ CPI YoY 3.0%
🌐 MACRO: DXY 99.86 (+0.2%) │ US10Y 4.64% │ VIX 15.51
🌏 ASIA FX: USD/JPY 158.21 (+0.34%) │ USD/CNH 6.7476 (+0.02%)
────────────────────────────────────────────────────
⚡ CONTINUOUS DERIVATIVES & FUTURES (GLOBEX / CME):
EQTY │ ES    7746.50 🔴 -0.04% │ NQ   29569.25 🔴 -0.15%
     │ YM   54307.00 🔴 -0.34% │ RTY   3029.90 🟢 +0.15%
ENRG │ WTI     76.57 🟢 +1.79% │ NG       2.62 🔴 -2.46%
     │ RB       2.67 🟢 +2.65%
METL │ GOLD  4323.80 🟢 +0.43% │ SILV    61.79 🔴 -0.80%
     │ HG       6.75 🟢 +0.31%
AGRI │ CORN   460.50 🟢 +0.11% │ SOYB  1177.00 🟢 +0.19%
     │ WEAT   636.00 🔴 -0.97%
────────────────────────────────────────────────────
🐋 INSTITUTIONAL WHALE VOLUME SPIKES (3m Window):
• ⚡ WHALE SPIKE: KOSPI 564K in 3m (518.6x AVG) 🟢 ACCUMULATION
════════════════════════════════════════════════════
🟩 TOP 5 BULLISH LEADERS (64 GREEN)
────────────────────────────────────────────────────
SOUN          │ $   7.26 🟢 +13.0% │ 
ELF           │ $  95.17 🟢 +10.2% │ 
ARM           │ $ 289.28 🟢  +5.4% │ 
OIL_SERVICES  │ $ 394.96 🟢  +2.6% │ 
TELEFONICA    │ $   3.71 🟢  +2.5% │ 
────────────────────────────────────────────────────
🟥 TOP 5 BEARISH LEADERS (42 RED)
────────────────────────────────────────────────────
FIG           │ $  23.31 🔴 -17.2% │ 
AXON          │ $ 562.44 🔴  -7.7% │ 
SNDK          │ $1278.12 🔴  -5.4% │ 
KOSPI         │   6296.38 🔴  -4.6% │ 
UNH           │ $ 404.88 🔴  -1.9% │ 
════════════════════════════════════════════════════
M82 TERMINAL ENGINE • v4.4.2 MONOSPACE MASTER | Latency: ~4.0s | 06/08/2026 11:00 VET

🏛️ MOLINA HOLDINGS — INSTITUTIONAL MATRIX v4.4.2
⏱️ 06/08/2026 11:30 VET | 🌙 POST-MARKET & ASIA STANDBY (300s)
🏛️ POLICY: FED RATE 5.25% │ CPI YoY 3.0%
🌐 MACRO: DXY 99.96 (+0.3%) │ US10Y 4.65% │ VIX 15.32
🌏 ASIA FX: USD/JPY 158.42 (+0.47%) │ USD/CNH 6.7485 (+0.03%)
────────────────────────────────────────────────────
⚡ CONTINUOUS DERIVATIVES & FUTURES (GLOBEX / CME):
EQTY │ ES    7740.50 🔴 -0.12% │ NQ   29586.75 🔴 -0.10%
     │ YM   54199.00 🔴 -0.54% │ RTY   3030.30 🟢 +0.16%
ENRG │ WTI     77.06 🟢 +2.45% │ NG       2.64 🔴 -1.64%
     │ RB       2.67 🟢 +2.80%
METL │ GOLD  4314.80 🟢 +0.22% │ SILV    61.56 🔴 -1.16%
     │ HG       6.72 🔴 -0.08%
AGRI │ CORN   461.25 🟢 +0.27% │ SOYB  1176.75 🟢 +0.17%
     │ WEAT   634.50 🔴 -1.21%
────────────────────────────────────────────────────
🐋 INSTITUTIONAL WHALE VOLUME SPIKES (3m Window):
• ⚡ WHALE SPIKE: KOSPI 564K in 3m (518.6x AVG) 🟢 ACCUMULATION
════════════════════════════════════════════════════
🟩 TOP 5 BULLISH LEADERS (52 GREEN)
────────────────────────────────────────────────────
SOUN          │ $   7.18 🟢 +11.7% │ 
ELF           │ $  94.64 🟢  +9.6% │ 
ARM           │ $ 288.87 🟢  +5.2% │ 
CRGY          │ $  11.31 🟢  +3.0% │ 
OIL_SERVICES  │ $ 396.52 🟢  +3.0% │ 
────────────────────────────────────────────────────
🟥 TOP 5 BEARISH LEADERS (54 RED)
────────────────────────────────────────────────────
FIG           │ $  23.37 🔴 -17.0% │ 
AXON          │ $ 556.48 🔴  -8.7% │ 
KOSPI         │   6296.38 🔴  -4.6% │ 
SNDK          │ $1315.32 🔴  -2.6% │ 
BOEING        │ $ 234.71 🔴  -2.3% │ 
════════════════════════════════════════════════════
M82 TERMINAL ENGINE • v4.4.2 MONOSPACE MASTER | Latency: ~5.9s | 06/08/2026 11:30 VET

🏛️ MOLINA HOLDINGS — INSTITUTIONAL MATRIX v4.4.2
⏱️ 06/08/2026 11:31 VET | 🌙 POST-MARKET & ASIA STANDBY (300s)
🏛️ POLICY: FED RATE 5.25% │ CPI YoY 3.0%
🌐 MACRO: DXY 99.97 (+0.3%) │ US10Y 4.65% │ VIX 15.32
🌏 ASIA FX: USD/JPY 158.43 (+0.48%) │ USD/CNH 6.7486 (+0.03%)
────────────────────────────────────────────────────
⚡ CONTINUOUS DERIVATIVES & FUTURES (GLOBEX / CME):
EQTY │ ES    7740.50 🔴 -0.12% │ NQ   29595.75 🔴 -0.07%
     │ YM   54199.00 🔴 -0.54% │ RTY   3030.50 🟢 +0.17%
ENRG │ WTI     77.07 🟢 +2.46% │ NG       2.65 🔴 -1.53%
     │ RB       2.67 🟢 +2.77%
METL │ GOLD  4314.90 🟢 +0.23% │ SILV    61.56 🔴 -1.17%
     │ HG       6.72 🔴 -0.07%
AGRI │ CORN   461.00 🟢 +0.22% │ SOYB  1176.25 🟢 +0.13%
     │ WEAT   634.00 🔴 -1.28%
────────────────────────────────────────────────────
🐋 INSTITUTIONAL WHALE VOLUME SPIKES (3m Window):
• ⚡ WHALE SPIKE: KOSPI 564K in 3m (518.6x AVG) 🟢 ACCUMULATION
════════════════════════════════════════════════════
🟩 TOP 5 BULLISH LEADERS (53 GREEN)
────────────────────────────────────────────────────
SOUN          │ $   7.20 🟢 +12.0% │ 
ELF           │ $  94.77 🟢  +9.7% │ 
ARM           │ $ 289.14 🟢  +5.3% │ 
OIL_SERVICES  │ $ 396.22 🟢  +2.9% │ 
CRGY          │ $  11.29 🟢  +2.8% │ 
────────────────────────────────────────────────────
🟥 TOP 5 BEARISH LEADERS (53 RED)
────────────────────────────────────────────────────
FIG           │ $  23.34 🔴 -17.1% │ 
AXON          │ $ 554.70 🔴  -9.0% │ 
KOSPI         │   6296.38 🔴  -4.6% │ 
SNDK          │ $1315.64 🔴  -2.6% │ 
BOEING        │ $ 234.88 🔴  -2.2% │ 
════════════════════════════════════════════════════
M82 TERMINAL ENGINE • v4.4.2 MONOSPACE MASTER | Latency: ~5.4s | 06/08/2026 11:31 VET

🏛️ MOLINA HOLDINGS — INSTITUTIONAL MATRIX v4.4.2
⏱️ 06/08/2026 11:39 VET | 🌙 POST-MARKET & ASIA STANDBY (300s)
🏛️ POLICY: FED RATE 5.25% │ CPI YoY 3.0%
🌐 MACRO: DXY 99.95 (+0.3%) │ US10Y 4.65% │ VIX 15.47
🌏 ASIA FX: USD/JPY 158.41 (+0.47%) │ USD/CNH 6.7493 (+0.04%)
────────────────────────────────────────────────────
⚡ CONTINUOUS DERIVATIVES & FUTURES (GLOBEX / CME):
EQTY │ ES    7741.25 🔴 -0.11% │ NQ   29601.50 🔴 -0.05%
     │ YM   54176.00 🔴 -0.58% │ RTY   3029.40 🟢 +0.13%
ENRG │ WTI     76.81 🟢 +2.11% │ NG       2.64 🔴 -1.67%
     │ RB       2.67 🟢 +2.87%
METL │ GOLD  4313.70 🟢 +0.20% │ SILV    61.65 🔴 -1.02%
     │ HG       6.72 🔴 -0.10%
AGRI │ CORN   460.25 🟢 +0.05% │ SOYB  1175.25 🟢 +0.04%
     │ WEAT   631.50 🔴 -1.67%
────────────────────────────────────────────────────
🐋 INSTITUTIONAL WHALE VOLUME SPIKES (3m Window):
• ⚡ WHALE SPIKE: KOSPI 564K in 3m (518.6x AVG) 🟢 ACCUMULATION
════════════════════════════════════════════════════
🟩 TOP 5 BULLISH LEADERS (47 GREEN)
────────────────────────────────────────────────────
SOUN          │ $   7.20 🟢 +12.0% │ 
ELF           │ $  94.43 🟢  +9.3% │ 
ARM           │ $ 288.48 🟢  +5.1% │ 
CRGY          │ $  11.30 🟢  +2.9% │ 
OIL_SERVICES  │ $ 396.21 🟢  +2.9% │ 
────────────────────────────────────────────────────
🟥 TOP 5 BEARISH LEADERS (59 RED)
────────────────────────────────────────────────────
FIG           │ $  23.39 🔴 -16.9% │ 
AXON          │ $ 554.15 🔴  -9.1% │ 
KOSPI         │   6296.38 🔴  -4.6% │ 
SNDK          │ $1303.46 🔴  -3.5% │ 
BOEING        │ $ 234.83 🔴  -2.2% │ 
════════════════════════════════════════════════════
M82 TERMINAL ENGINE • v4.4.2 MONOSPACE MASTER | Latency: ~5.4s | 06/08/2026 11:39 VET

🏛️ MOLINA HOLDINGS — INSTITUTIONAL MATRIX v4.4.2
⏱️ 06/08/2026 11:42 VET | 🌙 POST-MARKET & ASIA STANDBY (300s)
🏛️ POLICY: FED RATE 5.25% │ CPI YoY 3.0%
🌐 MACRO: DXY 99.96 (+0.3%) │ US10Y 4.65% │ VIX 15.44
🌏 ASIA FX: USD/JPY 158.39 (+0.45%) │ USD/CNH 6.7494 (+0.04%)
────────────────────────────────────────────────────
⚡ CONTINUOUS DERIVATIVES & FUTURES (GLOBEX / CME):
EQTY │ ES    7740.25 🔴 -0.12% │ NQ   29593.00 🔴 -0.07%
     │ YM   54159.00 🔴 -0.61% │ RTY   3030.80 🟢 +0.18%
ENRG │ WTI     76.94 🟢 +2.29% │ NG       2.64 🔴 -1.67%
     │ RB       2.67 🟢 +2.82%
METL │ GOLD  4311.80 🟢 +0.15% │ SILV    61.56 🔴 -1.16%
     │ HG       6.71 🔴 -0.25%
AGRI │ CORN   459.75 🔴 -0.05% │ SOYB  1175.00 🟢 +0.02%
     │ WEAT   631.25 🔴 -1.71%
────────────────────────────────────────────────────
🐋 INSTITUTIONAL WHALE VOLUME SPIKES (3m Window):
• ⚡ WHALE SPIKE: KOSPI 564K in 3m (518.6x AVG) 🟢 ACCUMULATION
════════════════════════════════════════════════════
🟩 TOP 5 BULLISH LEADERS (46 GREEN)
────────────────────────────────────────────────────
SOUN          │ $   7.16 🟢 +11.4% │ 
ELF           │ $  94.22 🟢  +9.1% │ 
ARM           │ $ 288.52 🟢  +5.1% │ 
OIL_SERVICES  │ $ 396.59 🟢  +3.0% │ 
CRGY          │ $  11.30 🟢  +2.9% │ 
────────────────────────────────────────────────────
🟥 TOP 5 BEARISH LEADERS (60 RED)
────────────────────────────────────────────────────
FIG           │ $  23.30 🔴 -17.2% │ 
AXON          │ $ 551.45 🔴  -9.5% │ 
KOSPI         │   6296.38 🔴  -4.6% │ 
SNDK          │ $1301.91 🔴  -3.6% │ 
BOEING        │ $ 234.77 🔴  -2.3% │ 
════════════════════════════════════════════════════
M82 TERMINAL ENGINE • v4.4.2 MONOSPACE MASTER | Latency: ~5.1s | 06/08/2026 11:42 VET

